Component: ARM Compiler 5.06 update 6 (build 750) Tool: armlink [4d35ed]

==============================================================================

Section Cross References

    startup_stm32f407xx.o(RESET) refers to startup_stm32f407xx.o(STACK) for __initial_sp
    startup_stm32f407xx.o(RESET) refers to startup_stm32f407xx.o(.text) for Reset_Handler
    startup_stm32f407xx.o(RESET) refers to stm32f4xx_it.o(i.NMI_Handler) for NMI_Handler
    startup_stm32f407xx.o(RESET) refers to stm32f4xx_it.o(i.HardFault_Handler) for HardFault_Handler
    startup_stm32f407xx.o(RESET) refers to stm32f4xx_it.o(i.MemManage_Handler) for MemManage_Handler
    startup_stm32f407xx.o(RESET) refers to stm32f4xx_it.o(i.BusFault_Handler) for BusFault_Handler
    startup_stm32f407xx.o(RESET) refers to stm32f4xx_it.o(i.UsageFault_Handler) for UsageFault_Handler
    startup_stm32f407xx.o(RESET) refers to port.o(.emb_text) for SVC_Handler
    startup_stm32f407xx.o(RESET) refers to stm32f4xx_it.o(i.DebugMon_Handler) for DebugMon_Handler
    startup_stm32f407xx.o(RESET) refers to stm32f4xx_it.o(i.SysTick_Handler) for SysTick_Handler
    startup_stm32f407xx.o(RESET) refers to stm32f4xx_it.o(i.EXTI0_IRQHandler) for EXTI0_IRQHandler
    startup_stm32f407xx.o(RESET) refers to stm32f4xx_it.o(i.EXTI3_IRQHandler) for EXTI3_IRQHandler
    startup_stm32f407xx.o(RESET) refers to stm32f4xx_it.o(i.EXTI4_IRQHandler) for EXTI4_IRQHandler
    startup_stm32f407xx.o(RESET) refers to stm32f4xx_it.o(i.CAN1_RX0_IRQHandler) for CAN1_RX0_IRQHandler
    startup_stm32f407xx.o(RESET) refers to stm32f4xx_it.o(i.EXTI9_5_IRQHandler) for EXTI9_5_IRQHandler
    startup_stm32f407xx.o(RESET) refers to remote_control.o(i.USART3_IRQHandler) for USART3_IRQHandler
    startup_stm32f407xx.o(RESET) refers to ins_task.o(i.DMA2_Stream2_IRQHandler) for DMA2_Stream2_IRQHandler
    startup_stm32f407xx.o(RESET) refers to stm32f4xx_it.o(i.CAN2_RX0_IRQHandler) for CAN2_RX0_IRQHandler
    startup_stm32f407xx.o(.text) refers to system_stm32f4xx.o(i.SystemInit) for SystemInit
    startup_stm32f407xx.o(.text) refers to entry.o(.ARM.Collect$$$$00000000) for __main
    main.o(i.SystemClock_Config) refers to memseta.o(.text) for __aeabi_memclr4
    main.o(i.SystemClock_Config) refers to stm32f4xx_hal_rcc.o(i.HAL_RCC_OscConfig) for HAL_RCC_OscConfig
    main.o(i.SystemClock_Config) refers to main.o(i.Error_Handler) for Error_Handler
    main.o(i.SystemClock_Config) refers to stm32f4xx_hal_rcc.o(i.HAL_RCC_ClockConfig) for HAL_RCC_ClockConfig
    main.o(i.SystemClock_Config) refers to stm32f4xx_hal_rcc_ex.o(i.HAL_RCCEx_PeriphCLKConfig) for HAL_RCCEx_PeriphCLKConfig
    main.o(i.main) refers to stm32f4xx_hal.o(i.HAL_Init) for HAL_Init
    main.o(i.main) refers to main.o(i.SystemClock_Config) for SystemClock_Config
    main.o(i.main) refers to gpio.o(i.MX_GPIO_Init) for MX_GPIO_Init
    main.o(i.main) refers to dma.o(i.MX_DMA_Init) for MX_DMA_Init
    main.o(i.main) refers to can.o(i.MX_CAN1_Init) for MX_CAN1_Init
    main.o(i.main) refers to can.o(i.MX_CAN2_Init) for MX_CAN2_Init
    main.o(i.main) refers to spi.o(i.MX_SPI1_Init) for MX_SPI1_Init
    main.o(i.main) refers to tim.o(i.MX_TIM4_Init) for MX_TIM4_Init
    main.o(i.main) refers to tim.o(i.MX_TIM5_Init) for MX_TIM5_Init
    main.o(i.main) refers to usart.o(i.MX_USART3_UART_Init) for MX_USART3_UART_Init
    main.o(i.main) refers to tim.o(i.MX_TIM8_Init) for MX_TIM8_Init
    main.o(i.main) refers to i2c.o(i.MX_I2C3_Init) for MX_I2C3_Init
    main.o(i.main) refers to rtc.o(i.MX_RTC_Init) for MX_RTC_Init
    main.o(i.main) refers to tim.o(i.MX_TIM3_Init) for MX_TIM3_Init
    main.o(i.main) refers to tim.o(i.MX_TIM10_Init) for MX_TIM10_Init
    main.o(i.main) refers to tim.o(i.MX_TIM1_Init) for MX_TIM1_Init
    main.o(i.main) refers to bsp_can.o(i.can_filter_init) for can_filter_init
    main.o(i.main) refers to bsp_delay.o(i.delay_init) for delay_init
    main.o(i.main) refers to calibrate_task.o(i.cali_param_init) for cali_param_init
    main.o(i.main) refers to remote_control.o(i.remote_control_init) for remote_control_init
    main.o(i.main) refers to stm32f4xx_hal_tim.o(i.HAL_TIM_Base_Start) for HAL_TIM_Base_Start
    main.o(i.main) refers to stm32f4xx_hal_tim.o(i.HAL_TIM_PWM_Start) for HAL_TIM_PWM_Start
    main.o(i.main) refers to bsp_fric.o(i.fric_off) for fric_off
    main.o(i.main) refers to freertos.o(i.MX_FREERTOS_Init) for MX_FREERTOS_Init
    main.o(i.main) refers to cmsis_os.o(i.osKernelStart) for osKernelStart
    main.o(i.main) refers to tim.o(.bss) for htim1
    gpio.o(i.MX_GPIO_Init) refers to memseta.o(.text) for __aeabi_memclr4
    gpio.o(i.MX_GPIO_Init) refers to stm32f4xx_hal_gpio.o(i.HAL_GPIO_WritePin) for HAL_GPIO_WritePin
    gpio.o(i.MX_GPIO_Init) refers to stm32f4xx_hal_gpio.o(i.HAL_GPIO_Init) for HAL_GPIO_Init
    gpio.o(i.MX_GPIO_Init) refers to stm32f4xx_hal_cortex.o(i.HAL_NVIC_SetPriority) for HAL_NVIC_SetPriority
[...]
    rc_action_flag                           0x20000078   Data           1  calibrate_task.o(.data)
    count_time                               0x2000007a   Data           2  calibrate_task.o(.data)
    .data                                    0x2000007c   Section       17  can_receive.o(.data)
    gimbal_can_send_data                     0x2000007c   Data           8  can_receive.o(.data)
    chassis_can_send_data                    0x20000084   Data           8  can_receive.o(.data)
    i                                        0x2000008c   Data           1  can_receive.o(.data)
    .data                                    0x20000090   Section       17  chassis_behaviour.o(.data)
    swing_time                               0x20000094   Data           4  chassis_behaviour.o(.data)
    swing_angle                              0x20000098   Data           4  chassis_behaviour.o(.data)
    max_angle                                0x2000009c   Data           4  chassis_behaviour.o(.data)
    swing_flag                               0x200000a0   Data           1  chassis_behaviour.o(.data)
    .data                                    0x200000a4   Section        4  chassis_task.o(.data)
    .data                                    0x200000a8   Section      160  ins_task.o(.data)
    INS_task_local_handler                   0x200000a8   Data           4  ins_task.o(.data)
    first_temperate                          0x20000140   Data           1  ins_task.o(.data)
    temp_constant_time                       0x20000141   Data           1  ins_task.o(.data)
    xHigherPriorityTaskWoken                 0x20000144   Data           4  ins_task.o(.data)
    .data                                    0x20000148   Section        2  remote_control.o(.data)
    this_time_rx_len                         0x20000148   Data           2  remote_control.o(.data)
    .data                                    0x2000014c   Section       10  test_task.o(.data)
    error                                    0x20000150   Data           1  test_task.o(.data)
    last_error                               0x20000151   Data           1  test_task.o(.data)
    error_num                                0x20000152   Data           1  test_task.o(.data)
    show_num                                 0x20000153   Data           1  test_task.o(.data)
    stop_num                                 0x20000154   Data           1  test_task.o(.data)
    tick                                     0x20000155   Data           1  test_task.o(.data)
    .data                                    0x20000158   Section        9  stm32f4xx_hal.o(.data)
    .data                                    0x20000164   Section       60  tasks.o(.data)
    pxDelayedTaskList                        0x20000168   Data           4  tasks.o(.data)
    pxOverflowDelayedTaskList                0x2000016c   Data           4  tasks.o(.data)
    uxDeletedTasksWaitingCleanUp             0x20000170   Data           4  tasks.o(.data)
    uxCurrentNumberOfTasks                   0x20000174   Data           4  tasks.o(.data)
    xTickCount                               0x20000178   Data           4  tasks.o(.data)
    uxTopReadyPriority                       0x2000017c   Data           4  tasks.o(.data)
    xSchedulerRunning                        0x20000180   Data           4  tasks.o(.data)
    uxPendedTicks                            0x20000184   Data           4  tasks.o(.data)
    xYieldPending                            0x20000188   Data           4  tasks.o(.data)
    xNumOfOverflows                          0x2000018c   Data           4  tasks.o(.data)
    uxTaskNumber                             0x20000190   Data           4  tasks.o(.data)
    xNextTaskUnblockTime                     0x20000194   Data           4  tasks.o(.data)
    xIdleTaskHandle                          0x20000198   Data           4  tasks.o(.data)
    uxSchedulerSuspended                     0x2000019c   Data           4  tasks.o(.data)
    .data                                    0x200001a0   Section       20  timers.o(.data)
    pxCurrentTimerList                       0x200001a0   Data           4  timers.o(.data)
    pxOverflowTimerList                      0x200001a4   Data           4  timers.o(.data)
    xTimerQueue                              0x200001a8   Data           4  timers.o(.data)
    xTimerTaskHandle                         0x200001ac   Data           4  timers.o(.data)
    xLastTime                                0x200001b0   Data           4  timers.o(.data)
    .data                                    0x200001b4   Section       24  heap_4.o(.data)
    xStart                                   0x200001b4   Data           8  heap_4.o(.data)
    pxEnd                                    0x200001bc   Data           4  heap_4.o(.data)
    xFreeBytesRemaining                      0x200001c0   Data           4  heap_4.o(.data)
    xMinimumEverFreeBytesRemaining           0x200001c4   Data           4  heap_4.o(.data)
    xBlockAllocatedBit                       0x200001c8   Data           4  heap_4.o(.data)
    .data                                    0x200001cc   Section       12  port.o(.data)
    uxCriticalNesting                        0x200001cc   Data           4  port.o(.data)
    ucMaxSysCallPriority                     0x200001d0   Data           1  port.o(.data)
    ulMaxPRIGROUPValue                       0x200001d4   Data           4  port.o(.data)
    .bss                                     0x200001d8   Section     1704  freertos.o(.bss)
    xIdleTaskTCBBuffer                       0x200001d8   Data          84  freertos.o(.bss)
    xIdleStack                               0x2000022c   Data         512  freertos.o(.bss)
    xTimerTaskTCBBuffer                      0x2000042c   Data          84  freertos.o(.bss)
    xTimerStack                              0x20000480   Data        1024  freertos.o(.bss)
    .bss                                     0x20000880   Section       80  can.o(.bss)
    .bss                                     0x200008d0   Section       84  i2c.o(.bss)
    .bss                                     0x20000924   Section       32  rtc.o(.bss)
    .bss                                     0x20000944   Section      280  spi.o(.bss)
    .bss                                     0x20000a5c   Section      384  tim.o(.bss)
    .bss                                     0x20000bdc   Section      160  usart.o(.bss)
    .bss                                     0x20000c7c   Section      277  calibrate_task.o(.bss)
    gimbal_cali                              0x20000c7c   Data          20  calibrate_task.o(.bss)
    accel_cali                               0x20000c90   Data          24  calibrate_task.o(.bss)
    gyro_cali                                0x20000ca8   Data          24  calibrate_task.o(.bss)
    mag_cali                                 0x20000cc0   Data          24  calibrate_task.o(.bss)
    flash_write_buf                          0x20000cd8   Data         120  calibrate_task.o(.bss)
    .bss                                     0x20000d94   Section      120  can_receive.o(.bss)
    motor_chassis                            0x20000d94   Data          70  can_receive.o(.bss)
    gimbal_tx_message                        0x20000ddc   Data          24  can_receive.o(.bss)
    chassis_tx_message                       0x20000df4   Data          24  can_receive.o(.bss)
    .bss                                     0x20000e0c   Section      548  chassis_task.o(.bss)
    .bss                                     0x20001030   Section      540  detect_task.o(.bss)
    .bss                                     0x2000124c   Section      308  ins_task.o(.bss)
    imu_temp_pid                             0x200012d4   Data          72  ins_task.o(.bss)
    accel_fliter_1                           0x2000131c   Data          12  ins_task.o(.bss)
    accel_fliter_2                           0x20001328   Data          12  ins_task.o(.bss)
    accel_fliter_3                           0x20001334   Data          12  ins_task.o(.bss)
    INS_gyro                                 0x20001340   Data          12  ins_task.o(.bss)
    INS_accel                                0x2000134c   Data          12  ins_task.o(.bss)
    INS_mag                                  0x20001358   Data          12  ins_task.o(.bss)
    INS_quat                                 0x20001364   Data          16  ins_task.o(.bss)
    .bss                                     0x20001380   Section       94  remote_control.o(.bss)
    sbus_rx_buf                              0x20001396   Data          72  remote_control.o(.bss)
    .bss                                     0x200013e0   Section       64  queue.o(.bss)
    .bss                                     0x20001420   Section      240  tasks.o(.bss)
    pxReadyTasksLists                        0x20001420   Data         140  tasks.o(.bss)
    xDelayedTaskList1                        0x200014ac   Data          20  tasks.o(.bss)
    xDelayedTaskList2                        0x200014c0   Data          20  tasks.o(.bss)
    xPendingReadyList                        0x200014d4   Data          20  tasks.o(.bss)
    xTasksWaitingTermination                 0x200014e8   Data          20  tasks.o(.bss)
    xSuspendedTaskList                       0x200014fc   Data          20  tasks.o(.bss)
    .bss                                     0x20001510   Section      272  timers.o(.bss)
    xActiveTimerList1                        0x20001510   Data          20  timers.o(.bss)
    xActiveTimerList2                        0x20001524   Data          20  timers.o(.bss)
    xStaticTimerQueue                        0x20001538   Data          72  timers.o(.bss)
    ucStaticTimerQueueStorage                0x20001580   Data         160  timers.o(.bss)
    .bss                                     0x20001620   Section    24576  heap_4.o(.bss)
    ucHeap                                   0x20001620   Data       24576  heap_4.o(.bss)
    STACK                                    0x20007620   Section     8192  startup_stm32f407xx.o(STACK)

    Global Symbols

    Symbol Name                              Value     Ov Type        Size  Object(Section)

    BuildAttributes$$THM_ISAv4$E$P$D$K$B$S$7EM$VFPi3$EXTD16$VFPS$VFMA$PE$A:L22UL41UL21$X:L11$S22US41US21$IEEE1$IW$USESV6$~STKCKD$USESV7$~SHL$OTIME$ROPI$IEEEX$EBA8$MICROLIB$REQ8$PRES8$EABIv2 0x00000000   Number         0  anon$$obj.o ABSOLUTE
    __ARM_use_no_argv                        0x00000000   Number         0  main.o ABSOLUTE
    __cpp_initialize__aeabi_                  - Undefined Weak Reference
    __cxa_finalize                            - Undefined Weak Reference
    _clock_init                               - Undefined Weak Reference
    _microlib_exit                            - Undefined Weak Reference
    __Vectors_Size                           0x00000188   Number         0  startup_stm32f407xx.o ABSOLUTE
    __Vectors                                0x08000000   Data           4  startup_stm32f407xx.o(RESET)
    __Vectors_End                            0x08000188   Data           0  startup_stm32f407xx.o(RESET)
    __main                                   0x08000189   Thumb Code     0  entry.o(.ARM.Collect$$$$00000000)
    _main_stk                                0x08000189   Thumb Code     0  entry2.o(.ARM.Collect$$$$00000001)
    _main_scatterload                        0x0800018d   Thumb Code     0  entry5.o(.ARM.Collect$$$$00000004)
    __main_after_scatterload                 0x08000191   Thumb Code     0  entry5.o(.ARM.Collect$$$$00000004)
    _main_clock                              0x08000191   Thumb Code     0  entry7b.o(.ARM.Collect$$$$00000008)
    _main_cpp_init                           0x08000191   Thumb Code     0  entry8b.o(.ARM.Collect$$$$0000000A)
    _main_init                               0x08000191   Thumb Code     0  entry9a.o(.ARM.Collect$$$$0000000B)
    __rt_final_cpp                           0x08000199   Thumb Code     0  entry10a.o(.ARM.Collect$$$$0000000D)
    __rt_final_exit                          0x08000199   Thumb Code     0  entry11a.o(.ARM.Collect$$$$0000000F)
    SVC_Handler                              0x0800019d   Thumb Code    28  port.o(.emb_text)
    __asm___6_port_c_39a90d8d__prvStartFirstTask 0x080001bd   Thumb Code    36  port.o(.emb_text)
    __asm___6_port_c_39a90d8d__prvEnableVFP  0x080001e5   Thumb Code    16  port.o(.emb_text)
    PendSV_Handler                           0x080001f9   Thumb Code    88  port.o(.emb_text)
    vPortGetIPSR                             0x08000255   Thumb Code     6  port.o(.emb_text)
    Reset_Handler                            0x0800025d   Thumb Code     8  startup_stm32f407xx.o(.text)
    ADC_IRQHandler                           0x08000277   Thumb Code     0  startup_stm32f407xx.o(.text)
    CAN1_RX1_IRQHandler                      0x08000277   Thumb Code     0  startup_stm32f407xx.o(.text)
    CAN1_SCE_IRQHandler                      0x08000277   Thumb Code     0  startup_stm32f407xx.o(.text)
    CAN1_TX_IRQHandler                       0x08000277   Thumb Code     0  startup_stm32f407xx.o(.text)
    CAN2_RX1_IRQHandler                      0x08000277   Thumb Code     0  startup_stm32f407xx.o(.text)
    CAN2_SCE_IRQHandler                      0x08000277   Thumb Code     0  startup_stm32f407xx.o(.text)
    CAN2_TX_IRQHandler                       0x08000277   Thumb Code     0  startup_stm32f407xx.o(.text)
    DCMI_IRQHandler                          0x08000277   Thumb Code     0  startup_stm32f407xx.o(.text)
    DMA1_Stream0_IRQHandler                  0x08000277   Thumb Code     0  startup_stm32f407xx.o(.text)
    DMA1_Stream1_IRQHandler                  0x08000277   Thumb Code     0  startup_stm32f407xx.o(.text)
    DMA1_Stream2_IRQHandler                  0x08000277   Thumb Code     0  startup_stm32f407xx.o(.text)
    DMA1_Stream3_IRQHandler                  0x08000277   Thumb Code     0  startup_stm32f407xx.o(.text)
    DMA1_Stream4_IRQHandler                  0x08000277   Thumb Code     0  startup_stm32f407xx.o(.text)
    DMA1_Stream5_IRQHandler                  0x08000277   Thumb Code     0  startup_stm32f407xx.o(.text)
    DMA1_Stream6_IRQHandler                  0x08000277   Thumb Code     0  startup_stm32f407xx.o(.text)
    DMA1_Stream7_IRQHandler                  0x08000277   Thumb Code     0  startup_stm32f407xx.o(.text)
    DMA2_Stream0_IRQHandler                  0x08000277   Thumb Code     0  startup_stm32f407xx.o(.text)
    DMA2_Stream1_IRQHandler                  0x08000277   Thumb Code     0  startup_stm32f407xx.o(.text)
    DMA2_Stream3_IRQHandler                  0x08000277   Thumb Code     0  startup_stm32f407xx.o(.text)
    DMA2_Stream4_IRQHandler                  0x08000277   Thumb Code     0  startup_stm32f407xx.o(.text)
    DMA2_Stream5_IRQHandler                  0x08000277   Thumb Code     0  startup_stm32f407xx.o(.text)
    DMA2_Stream6_IRQHandler                  0x08000277   Thumb Code     0  startup_stm32f407xx.o(.text)
    DMA2_Stream7_IRQHandler                  0x08000277   Thumb Code     0  startup_stm32f407xx.o(.text)
    ETH_IRQHandler                           0x08000277   Thumb Code     0  startup_stm32f407xx.o(.text)
    ETH_WKUP_IRQHandler                      0x08000277   Thumb Code     0  startup_stm32f407xx.o(.text)
    EXTI15_10_IRQHandler                     0x08000277   Thumb Code     0  startup_stm32f407xx.o(.text)
    EXTI1_IRQHandler                         0x08000277   Thumb Code     0  startup_stm32f407xx.o(.text)
    EXTI2_IRQHandler                         0x08000277   Thumb Code     0  startup_stm32f407xx.o(.text)
    FLASH_IRQHandler                         0x08000277   Thumb Code     0  startup_stm32f407xx.o(.text)
    FMC_IRQHandler                           0x08000277   Thumb Code     0  startup_stm32f407xx.o(.text)
    FPU_IRQHandler                           0x08000277   Thumb Code     0  startup_stm32f407xx.o(.text)
    HASH_RNG_IRQHandler                      0x08000277   Thumb Code     0  startup_stm32f407xx.o(.text)
    I2C1_ER_IRQHandler                       0x08000277   Thumb Code     0  startup_stm32f407xx.o(.text)
    I2C1_EV_IRQHandler                       0x08000277   Thumb Code     0  startup_stm32f407xx.o(.text)
    I2C2_ER_IRQHandler                       0x08000277   Thumb Code     0  startup_stm32f407xx.o(.text)
    I2C2_EV_IRQHandler                       0x08000277   Thumb Code     0  startup_stm32f407xx.o(.text)
    I2C3_ER_IRQHandler                       0x08000277   Thumb Code     0  startup_stm32f407xx.o(.text)
    I2C3_EV_IRQHandler                       0x08000277   Thumb Code     0  startup_stm32f407xx.o(.text)
    OTG_FS_IRQHandler                        0x08000277   Thumb Code     0  startup_stm32f407xx.o(.text)
    OTG_FS_WKUP_IRQHandler                   0x08000277   Thumb Code     0  startup_stm32f407xx.o(.text)
    OTG_HS_EP1_IN_IRQHandler                 0x08000277   Thumb Code     0  startup_stm32f407xx.o(.text)
    OTG_HS_EP1_OUT_IRQHandler                0x08000277   Thumb Code     0  startup_stm32f407xx.o(.text)
    OTG_HS_IRQHandler                        0x08000277   Thumb Code     0  startup_stm32f407xx.o(.text)
    OTG_HS_WKUP_IRQHandler                   0x08000277   Thumb Code     0  startup_stm32f407xx.o(.text)
    PVD_IRQHandler                           0x08000277   Thumb Code     0  startup_stm32f407xx.o(.text)
    RCC_IRQHandler                           0x08000277   Thumb Code     0  startup_stm32f407xx.o(.text)
    RTC_Alarm_IRQHandler                     0x08000277   Thumb Code     0  startup_stm32f407xx.o(.text)
    RTC_WKUP_IRQHandler                      0x08000277   Thumb Code     0  startup_stm32f407xx.o(.text)
    SDIO_IRQHandler                          0x08000277   Thumb Code     0  startup_stm32f407xx.o(.text)
    SPI1_IRQHandler                          0x08000277   Thumb Code     0  startup_stm32f407xx.o(.text)
    SPI2_IRQHandler                          0x08000277   Thumb Code     0  startup_stm32f407xx.o(.text)
    SPI3_IRQHandler                          0x08000277   Thumb Code     0  startup_stm32f407xx.o(.text)
    TAMP_STAMP_IRQHandler                    0x08000277   Thumb Code     0  startup_stm32f407xx.o(.text)
    TIM1_BRK_TIM9_IRQHandler                 0x08000277   Thumb Code     0  startup_stm32f407xx.o(.text)
    TIM1_CC_IRQHandler                       0x08000277   Thumb Code     0  startup_stm32f407xx.o(.text)
    TIM1_TRG_COM_TIM11_IRQHandler            0x08000277   Thumb Code     0  startup_stm32f407xx.o(.text)
    TIM1_UP_TIM10_IRQHandler                 0x08000277   Thumb Code     0  startup_stm32f407xx.o(.text)
    TIM2_IRQHandler                          0x08000277   Thumb Code     0  startup_stm32f407xx.o(.text)
    TIM3_IRQHandler                          0x08000277   Thumb Code     0  startup_stm32f407xx.o(.text)
    TIM4_IRQHandler                          0x08000277   Thumb Code     0  startup_stm32f407xx.o(.text)
    TIM5_IRQHandler                          0x08000277   Thumb Code     0  startup_stm32f407xx.o(.text)
    TIM6_DAC_IRQHandler                      0x08000277   Thumb Code     0  startup_stm32f407xx.o(.text)
    TIM7_IRQHandler                          0x08000277   Thumb Code     0  startup_stm32f407xx.o(.text)
    TIM8_BRK_TIM12_IRQHandler                0x08000277   Thumb Code     0  startup_stm32f407xx.o(.text)
    TIM8_CC_IRQHandler                       0x08000277   Thumb Code     0  startup_stm32f407xx.o(.text)
    TIM8_TRG_COM_TIM14_IRQHandler            0x08000277   Thumb Code     0  startup_stm32f407xx.o(.text)
    TIM8_UP_TIM13_IRQHandler                 0x08000277   Thumb Code     0  startup_stm32f407xx.o(.text)
    UART4_IRQHandler                         0x08000277   Thumb Code     0  startup_stm32f407xx.o(.text)
    UART5_IRQHandler                         0x08000277   Thumb Code     0  startup_stm32f407xx.o(.text)
    USART1_IRQHandler                        0x08000277   Thumb Code     0  startup_stm32f407xx.o(.text)
    USART2_IRQHandler                        0x08000277   Thumb Code     0  startup_stm32f407xx.o(.text)
    USART6_IRQHandler                        0x08000277   Thumb Code     0  startup_stm32f407xx.o(.text)
    WWDG_IRQHandler                          0x08000277   Thumb Code     0  startup_stm32f407xx.o(.text)
    arm_sin_f32                              0x08000281   Thumb Code   104  arm_sin_f32.o(.text)
    __aeabi_uldivmod                         0x080002f5   Thumb Code    98  uldiv.o(.text)
    __aeabi_memcpy                           0x08000357   Thumb Code    36  memcpya.o(.text)
    __aeabi_memcpy4                          0x08000357   Thumb Code     0  memcpya.o(.text)
    __aeabi_memcpy8                          0x08000357   Thumb Code     0  memcpya.o(.text)
    __aeabi_memset                           0x0800037b   Thumb Code    14  memseta.o(.text)
    __aeabi_memset4                          0x0800037b   Thumb Code     0  memseta.o(.text)
    __aeabi_memset8                          0x0800037b   Thumb Code     0  memseta.o(.text)
    __aeabi_memclr                           0x08000389   Thumb Code     4  memseta.o(.text)
    __aeabi_memclr4                          0x08000389   Thumb Code     0  memseta.o(.text)
    __aeabi_memclr8                          0x08000389   Thumb Code     0  memseta.o(.text)
    memset                                   0x0800038d   Thumb Code    18  memseta.o(.text)
    __aeabi_dadd                             0x0800039f   Thumb Code   322  dadd.o(.text)
    __aeabi_dsub                             0x080004e1   Thumb Code     6  dadd.o(.text)
    __aeabi_drsub                            0x080004e7   Thumb Code     6  dadd.o(.text)
    __aeabi_dmul                             0x080004ed   Thumb Code   228  dmul.o(.text)
    __aeabi_i2d                              0x080005d1   Thumb Code    34  dflti.o(.text)
    __aeabi_f2d                              0x080005f3   Thumb Code    38  f2d.o(.text)
    __aeabi_d2f                              0x08000619   Thumb Code    56  d2f.o(.text)
    __aeabi_llsl                             0x08000651   Thumb Code    30  llshl.o(.text)
    _ll_shift_l                              0x08000651   Thumb Code     0  llshl.o(.text)
    __aeabi_llsr                             0x0800066f   Thumb Code    32  llushr.o(.text)
    _ll_ushift_r                             0x0800066f   Thumb Code     0  llushr.o(.text)
    __aeabi_lasr                             0x0800068f   Thumb Code    36  llsshr.o(.text)
    _ll_sshift_r                             0x0800068f   Thumb Code     0  llsshr.o(.text)
    __I$use$fp                               0x080006b3   Thumb Code     0  iusefp.o(.text)
    _float_round                             0x080006b3   Thumb Code    18  fepilogue.o(.text)
    _float_epilogue                          0x080006c5   Thumb Code    92  fepilogue.o(.text)
    _double_round                            0x08000721   Thumb Code    30  depilogue.o(.text)
    _double_epilogue                         0x0800073f   Thumb Code   156  depilogue.o(.text)
    __scatterload                            0x080007dd   Thumb Code    28  init.o(.text)
    __scatterload_rt2                        0x080007dd   Thumb Code     0  init.o(.text)
    __decompress                             0x08000801   Thumb Code     0  __dczerorl2.o(.text)
    __decompress1                            0x08000801   Thumb Code    86  __dczerorl2.o(.text)
    BusFault_Handler                         0x08000857   Thumb Code     4  stm32f4xx_it.o(i.BusFault_Handler)
    CAN1_RX0_IRQHandler                      0x0800085d   Thumb Code    10  stm32f4xx_it.o(i.CAN1_RX0_IRQHandler)
    CAN2_RX0_IRQHandler                      0x0800086d   Thumb Code    10  stm32f4xx_it.o(i.CAN2_RX0_IRQHandler)
    CAN_cmd_chassis                          0x0800087d   Thumb Code    68  can_receive.o(i.CAN_cmd_chassis)
    DMA2_Stream2_IRQHandler                  0x080008cd   Thumb Code  2182  ins_task.o(i.DMA2_Stream2_IRQHandler)
    DebugMon_Handler                         0x08001243   Thumb Code     2  stm32f4xx_it.o(i.DebugMon_Handler)
    EXTI0_IRQHandler                         0x08001245   Thumb Code    10  stm32f4xx_it.o(i.EXTI0_IRQHandler)
    EXTI3_IRQHandler                         0x0800124f   Thumb Code    10  stm32f4xx_it.o(i.EXTI3_IRQHandler)
    EXTI4_IRQHandler                         0x08001259   Thumb Code    10  stm32f4xx_it.o(i.EXTI4_IRQHandler)
    EXTI9_5_IRQHandler                       0x08001263   Thumb Code    10  stm32f4xx_it.o(i.EXTI9_5_IRQHandler)
    Error_Handler                            0x0800126d   Thumb Code     2  main.o(i.Error_Handler)
    HAL_CAN_ActivateNotification             0x0800126f   Thumb Code    42  stm32f4xx_hal_can.o(i.HAL_CAN_ActivateNotification)
    HAL_CAN_AddTxMessage                     0x08001299   Thumb Code   342  stm32f4xx_hal_can.o(i.HAL_CAN_AddTxMessage)
    HAL_CAN_ConfigFilter                     0x080013f1   Thumb Code   286  stm32f4xx_hal_can.o(i.HAL_CAN_ConfigFilter)
    HAL_CAN_ErrorCallback                    0x08001515   Thumb Code     2  stm32f4xx_hal_can.o(i.HAL_CAN_ErrorCallback)
    HAL_CAN_GetRxMessage                     0x08001517   Thumb Code   378  stm32f4xx_hal_can.o(i.HAL_CAN_GetRxMessage)
    HAL_CAN_IRQHandler                       0x08001691   Thumb Code   590  stm32f4xx_hal_can.o(i.HAL_CAN_IRQHandler)
    HAL_CAN_Init                             0x080018df   Thumb Code   372  stm32f4xx_hal_can.o(i.HAL_CAN_Init)
    HAL_CAN_MspInit                          0x08001a55   Thumb Code   328  can.o(i.HAL_CAN_MspInit)
    HAL_CAN_RxFifo0FullCallback              0x08001bb5   Thumb Code     2  stm32f4xx_hal_can.o(i.HAL_CAN_RxFifo0FullCallback)
    HAL_CAN_RxFifo0MsgPendingCallback        0x08001bb9   Thumb Code   212  can_receive.o(i.HAL_CAN_RxFifo0MsgPendingCallback)
    HAL_CAN_RxFifo1FullCallback              0x08001c95   Thumb Code     2  stm32f4xx_hal_can.o(i.HAL_CAN_RxFifo1FullCallback)
    HAL_CAN_RxFifo1MsgPendingCallback        0x08001c97   Thumb Code     2  stm32f4xx_hal_can.o(i.HAL_CAN_RxFifo1MsgPendingCallback)
    HAL_CAN_SleepCallback                    0x08001c99   Thumb Code     2  stm32f4xx_hal_can.o(i.HAL_CAN_SleepCallback)
    HAL_CAN_Start                            0x08001c9b   Thumb Code    94  stm32f4xx_hal_can.o(i.HAL_CAN_Start)
    HAL_CAN_TxMailbox0AbortCallback          0x08001cf9   Thumb Code     2  stm32f4xx_hal_can.o(i.HAL_CAN_TxMailbox0AbortCallback)
    HAL_CAN_TxMailbox0CompleteCallback       0x08001cfb   Thumb Code     2  stm32f4xx_hal_can.o(i.HAL_CAN_TxMailbox0CompleteCallback)
    HAL_CAN_TxMailbox1AbortCallback          0x08001cfd   Thumb Code     2  stm32f4xx_hal_can.o(i.HAL_CAN_TxMailbox1AbortCallback)
    HAL_CAN_TxMailbox1CompleteCallback       0x08001cff   Thumb Code     2  stm32f4xx_hal_can.o(i.HAL_CAN_TxMailbox1CompleteCallback)
    HAL_CAN_TxMailbox2AbortCallback          0x08001d01   Thumb Code     2  stm32f4xx_hal_can.o(i.HAL_CAN_TxMailbox2AbortCallback)
    HAL_CAN_TxMailbox2CompleteCallback       0x08001d03   Thumb Code     2  stm32f4xx_hal_can.o(i.HAL_CAN_TxMailbox2CompleteCallback)
    HAL_CAN_WakeUpFromRxMsgCallback          0x08001d05   Thumb Code     2  stm32f4xx_hal_can.o(i.HAL_CAN_WakeUpFromRxMsgCallback)
    HAL_DMA_Init                             0x08001d09   Thumb Code   232  stm32f4xx_hal_dma.o(i.HAL_DMA_Init)
    HAL_GPIO_EXTI_Callback                   0x08001df5   Thumb Code   152  ins_task.o(i.HAL_GPIO_EXTI_Callback)
    HAL_GPIO_EXTI_IRQHandler                 0x08001ead   Thumb Code    24  stm32f4xx_hal_gpio.o(i.HAL_GPIO_EXTI_IRQHandler)
    HAL_GPIO_Init                            0x08001ec9   Thumb Code   466  stm32f4xx_hal_gpio.o(i.HAL_GPIO_Init)
    HAL_GPIO_WritePin                        0x080020c9   Thumb Code    12  stm32f4xx_hal_gpio.o(i.HAL_GPIO_WritePin)
    HAL_GetTick                              0x080020d5   Thumb Code     6  stm32f4xx_hal.o(i.HAL_GetTick)
    HAL_I2C_Init                             0x080020e1   Thumb Code   446  stm32f4xx_hal_i2c.o(i.HAL_I2C_Init)
    HAL_I2C_MspInit                          0x080022b1   Thumb Code   182  i2c.o(i.HAL_I2C_MspInit)
    HAL_IncTick                              0x08002379   Thumb Code    16  stm32f4xx_hal.o(i.HAL_IncTick)
    HAL_Init                                 0x08002391   Thumb Code    54  stm32f4xx_hal.o(i.HAL_Init)
    HAL_InitTick                             0x080023cd   Thumb Code    64  stm32f4xx_hal.o(i.HAL_InitTick)
    HAL_MspInit                              0x08002419   Thumb Code    78  stm32f4xx_hal_msp.o(i.HAL_MspInit)
    HAL_NVIC_EnableIRQ                       0x0800246d   Thumb Code    32  stm32f4xx_hal_cortex.o(i.HAL_NVIC_EnableIRQ)
    HAL_NVIC_SetPriority                     0x0800248d   Thumb Code   124  stm32f4xx_hal_cortex.o(i.HAL_NVIC_SetPriority)
    HAL_NVIC_SetPriorityGrouping             0x08002509   Thumb Code    32  stm32f4xx_hal_cortex.o(i.HAL_NVIC_SetPriorityGrouping)
    HAL_RCCEx_PeriphCLKConfig                0x08002531   Thumb Code   396  stm32f4xx_hal_rcc_ex.o(i.HAL_RCCEx_PeriphCLKConfig)
    HAL_RCC_ClockConfig                      0x080026d1   Thumb Code   368  stm32f4xx_hal_rcc.o(i.HAL_RCC_ClockConfig)
    HAL_RCC_GetHCLKFreq                      0x08002855   Thumb Code     6  stm32f4xx_hal_rcc.o(i.HAL_RCC_GetHCLKFreq)
    HAL_RCC_GetPCLK1Freq                     0x08002861   Thumb Code    22  stm32f4xx_hal_rcc.o(i.HAL_RCC_GetPCLK1Freq)
    HAL_RCC_GetPCLK2Freq                     0x08002881   Thumb Code    22  stm32f4xx_hal_rcc.o(i.HAL_RCC_GetPCLK2Freq)
    HAL_RCC_GetSysClockFreq                  0x080028a1   Thumb Code   162  stm32f4xx_hal_rcc.o(i.HAL_RCC_GetSysClockFreq)
    HAL_RCC_OscConfig                        0x08002951   Thumb Code  1152  stm32f4xx_hal_rcc.o(i.HAL_RCC_OscConfig)
    HAL_RTC_Init                             0x08002dd9   Thumb Code   212  stm32f4xx_hal_rtc.o(i.HAL_RTC_Init)
    HAL_RTC_MspInit                          0x08002eb1   Thumb Code    16  rtc.o(i.HAL_RTC_MspInit)
    HAL_RTC_WaitForSynchro                   0x08002ec9   Thumb Code    58  stm32f4xx_hal_rtc.o(i.HAL_RTC_WaitForSynchro)
    HAL_SPI_Init                             0x08002f03   Thumb Code   140  stm32f4xx_hal_spi.o(i.HAL_SPI_Init)
    HAL_SPI_MspInit                          0x08002f91   Thumb Code   316  spi.o(i.HAL_SPI_MspInit)
    HAL_SYSTICK_Config                       0x080030e9   Thumb Code    52  stm32f4xx_hal_cortex.o(i.HAL_SYSTICK_Config)
    HAL_TIMEx_ConfigBreakDeadTime            0x0800311d   Thumb Code   116  stm32f4xx_hal_tim_ex.o(i.HAL_TIMEx_ConfigBreakDeadTime)
    HAL_TIMEx_MasterConfigSynchronization    0x08003191   Thumb Code   150  stm32f4xx_hal_tim_ex.o(i.HAL_TIMEx_MasterConfigSynchronization)
    HAL_TIM_Base_Init                        0x08003245   Thumb Code    52  stm32f4xx_hal_tim.o(i.HAL_TIM_Base_Init)
    HAL_TIM_Base_MspInit                     0x08003279   Thumb Code   256  tim.o(i.HAL_TIM_Base_MspInit)
    HAL_TIM_Base_Start                       0x08003395   Thumb Code    42  stm32f4xx_hal_tim.o(i.HAL_TIM_Base_Start)
    HAL_TIM_ConfigClockSource                0x080033bf   Thumb Code   264  stm32f4xx_hal_tim.o(i.HAL_TIM_ConfigClockSource)
    HAL_TIM_MspPostInit                      0x080034c9   Thumb Code   560  tim.o(i.HAL_TIM_MspPostInit)
    HAL_TIM_PWM_ConfigChannel                0x0800373d   Thumb Code   264  stm32f4xx_hal_tim.o(i.HAL_TIM_PWM_ConfigChannel)
    HAL_TIM_PWM_Init                         0x08003845   Thumb Code    52  stm32f4xx_hal_tim.o(i.HAL_TIM_PWM_Init)
    HAL_TIM_PWM_MspInit                      0x08003879   Thumb Code     2  stm32f4xx_hal_tim.o(i.HAL_TIM_PWM_MspInit)
    HAL_TIM_PWM_Start                        0x0800387d   Thumb Code    80  stm32f4xx_hal_tim.o(i.HAL_TIM_PWM_Start)
    HAL_UART_Init                            0x080038d5   Thumb Code   114  stm32f4xx_hal_uart.o(i.HAL_UART_Init)
    HAL_UART_MspInit                         0x08003949   Thumb Code   204  usart.o(i.HAL_UART_MspInit)
    HardFault_Handler                        0x08003a29   Thumb Code     4  stm32f4xx_it.o(i.HardFault_Handler)
    INS_cali_gyro                            0x08003a2d   Thumb Code   110  ins_task.o(i.INS_cali_gyro)
    INS_set_cali_gyro                        0x08003aa9   Thumb Code    62  ins_task.o(i.INS_set_cali_gyro)
    MX_CAN1_Init                             0x08003af1   Thumb Code    58  can.o(i.MX_CAN1_Init)
    MX_CAN2_Init                             0x08003b35   Thumb Code    58  can.o(i.MX_CAN2_Init)
    MX_DMA_Init                              0x08003b79   Thumb Code   114  dma.o(i.MX_DMA_Init)
    MX_FREERTOS_Init                         0x08003bf1   Thumb Code    54  freertos.o(i.MX_FREERTOS_Init)
    MX_GPIO_Init                             0x08003c35   Thumb Code   484  gpio.o(i.MX_GPIO_Init)
    MX_I2C3_Init                             0x08003e31   Thumb Code    48  i2c.o(i.MX_I2C3_Init)
    MX_RTC_Init                              0x08003e6d   Thumb Code    44  rtc.o(i.MX_RTC_Init)
    MX_SPI1_Init                             0x08003ea1   Thumb Code    62  spi.o(i.MX_SPI1_Init)
    MX_TIM10_Init                            0x08003ee9   Thumb Code   100  tim.o(i.MX_TIM10_Init)
    MX_TIM1_Init                             0x08003f55   Thumb Code   262  tim.o(i.MX_TIM1_Init)
    MX_TIM3_Init                             0x08004065   Thumb Code   154  tim.o(i.MX_TIM3_Init)
    MX_TIM4_Init                             0x08004109   Thumb Code   154  tim.o(i.MX_TIM4_Init)
    MX_TIM5_Init                             0x080041ad   Thumb Code   186  tim.o(i.MX_TIM5_Init)
    MX_TIM8_Init                             0x08004271   Thumb Code   238  tim.o(i.MX_TIM8_Init)
    MX_USART3_UART_Init                      0x08004369   Thumb Code    48  usart.o(i.MX_USART3_UART_Init)
    MemManage_Handler                        0x080043a5   Thumb Code     4  stm32f4xx_it.o(i.MemManage_Handler)
    NMI_Handler                              0x080043a9   Thumb Code     2  stm32f4xx_it.o(i.NMI_Handler)
    PID_calc                                 0x080043ad   Thumb Code   492  pid.o(i.PID_calc)
    PID_init                                 0x0800459d   Thumb Code    92  pid.o(i.PID_init)
    RC_Init                                  0x080045fd   Thumb Code   142  bsp_rc.o(i.RC_Init)
    RC_restart                               0x08004699   Thumb Code    72  bsp_rc.o(i.RC_restart)
    RC_unable                                0x080046e9   Thumb Code    18  bsp_rc.o(i.RC_unable)
    RTC_EnterInitMode                        0x08004701   Thumb Code    62  stm32f4xx_hal_rtc.o(i.RTC_EnterInitMode)
    SPI1_DMA_enable                          0x08004741   Thumb Code 10024  bsp_spi.o(i.SPI1_DMA_enable)
    SysTick_Handler                          0x08006e7d   Thumb Code    20  stm32f4xx_it.o(i.SysTick_Handler)
    SystemClock_Config                       0x08006e91   Thumb Code   198  main.o(i.SystemClock_Config)
    SystemInit                               0x08006f65   Thumb Code    82  system_stm32f4xx.o(i.SystemInit)
    TIM_Base_SetConfig                       0x08006fc9   Thumb Code   170  stm32f4xx_hal_tim.o(i.TIM_Base_SetConfig)
    TIM_CCxChannelCmd                        0x080070a1   Thumb Code    34  stm32f4xx_hal_tim.o(i.TIM_CCxChannelCmd)
    TIM_ETR_SetConfig                        0x080070c3   Thumb Code    22  stm32f4xx_hal_tim.o(i.TIM_ETR_SetConfig)
    TIM_OC2_SetConfig                        0x0800715d   Thumb Code   114  stm32f4xx_hal_tim.o(i.TIM_OC2_SetConfig)
    USART3_IRQHandler                        0x080076dd   Thumb Code   276  remote_control.o(i.USART3_IRQHandler)
    UsageFault_Handler                       0x0800780d   Thumb Code     4  stm32f4xx_it.o(i.UsageFault_Handler)
    __hardfp_fabs                            0x08007849   Thumb Code    20  fabs.o(i.__hardfp_fabs)
    __scatterload_copy                       0x0800785d   Thumb Code    14  handlers.o(i.__scatterload_copy)
    __scatterload_null                       0x0800786b   Thumb Code     2  handlers.o(i.__scatterload_null)
    __scatterload_zeroinit                   0x0800786d   Thumb Code    14  handlers.o(i.__scatterload_zeroinit)
    buzzer_off                               0x0800787d   Thumb Code    10  bsp_buzzer.o(i.buzzer_off)
    buzzer_on                                0x0800788d   Thumb Code    14  bsp_buzzer.o(i.buzzer_on)
    cali_param_init                          0x08007aad   Thumb Code   168  calibrate_task.o(i.cali_param_init)
    can_filter_init                          0x08007b65   Thumb Code    84  bsp_can.o(i.can_filter_init)
    chassis_behaviour_control_set            0x08007bc1   Thumb Code   156  chassis_behaviour.o(i.chassis_behaviour_control_set)
    chassis_behaviour_mode_set               0x08007c61   Thumb Code   134  chassis_behaviour.o(i.chassis_behaviour_mode_set)
    chassis_rc_to_control_vector             0x0800836d   Thumb Code   320  chassis_task.o(i.chassis_rc_to_control_vector)
    chassis_task                             0x08008699   Thumb Code   324  chassis_task.o(i.chassis_task)
    delay_init                               0x08008879   Thumb Code    32  bsp_delay.o(i.delay_init)
    detect_hook                              0x080088a9   Thumb Code   288  detect_task.o(i.detect_hook)
    first_order_filter_cali                  0x080089cd   Thumb Code    84  user_lib.o(i.first_order_filter_cali)
    first_order_filter_init                  0x08008a21   Thumb Code    32  user_lib.o(i.first_order_filter_init)
    flash_read                               0x08008a45   Thumb Code    20  bsp_flash.o(i.flash_read)
    fp32_constrain                           0x08008a59   Thumb Code    42  user_lib.o(i.fp32_constrain)
    fric_off                                 0x08008a85   Thumb Code    48  bsp_fric.o(i.fric_off)
    fric_on                                  0x08008abd   Thumb Code    20  bsp_fric.o(i.fric_on)
    get_INS_angle_point                      0x08008ad5   Thumb Code     4  ins_task.o(i.get_INS_angle_point)
    get_chassis_motor_measure_point          0x08008add   Thumb Code    18  can_receive.o(i.get_chassis_motor_measure_point)
    get_error_list_point                     0x08008af5   Thumb Code     4  detect_task.o(i.get_error_list_point)
    get_remote_control_point                 0x08008afd   Thumb Code     4  remote_control.o(i.get_remote_control_point)
    gyro_offset_calc                         0x08008b05   Thumb Code    78  ins_task.o(i.gyro_offset_calc)
    loop_fp32_constrain                      0x08008cc1   Thumb Code    96  user_lib.o(i.loop_fp32_constrain)
    main                                     0x08008d21   Thumb Code   132  main.o(i.main)
    osDelay                                  0x08008dbb   Thumb Code    24  cmsis_os.o(i.osDelay)
    osKernelStart                            0x08008dd3   Thumb Code    10  cmsis_os.o(i.osKernelStart)
    osThreadCreate                           0x08008ddd   Thumb Code    94  cmsis_os.o(i.osThreadCreate)
    pvPortMalloc                             0x0800989d   Thumb Code   296  heap_4.o(i.pvPortMalloc)
    pxPortInitialiseStack                    0x080099d9   Thumb Code    38  port.o(i.pxPortInitialiseStack)
    remote_control_init                      0x08009a05   Thumb Code    16  remote_control.o(i.remote_control_init)
    test_task                                0x08009af5   Thumb Code   124  test_task.o(i.test_task)
    toe_is_error                             0x08009b81   Thumb Code    20  detect_task.o(i.toe_is_error)
    uxListRemove                             0x08009b99   Thumb Code    40  list.o(i.uxListRemove)
    uxTaskGetStackHighWaterMark              0x08009bc1   Thumb Code    34  tasks.o(i.uxTaskGetStackHighWaterMark)
    vApplicationGetIdleTaskMemory            0x08009be9   Thumb Code    14  freertos.o(i.vApplicationGetIdleTaskMemory)
    vApplicationGetTimerTaskMemory           0x08009c01   Thumb Code    16  freertos.o(i.vApplicationGetTimerTaskMemory)
    vListInitialise                          0x08009c19   Thumb Code    26  list.o(i.vListInitialise)
    vListInitialiseItem                      0x08009c33   Thumb Code     6  list.o(i.vListInitialiseItem)
    vListInsert                              0x08009c39   Thumb Code    52  list.o(i.vListInsert)
    vListInsertEnd                           0x08009c6d   Thumb Code    24  list.o(i.vListInsertEnd)
    vPortEnterCritical                       0x08009c85   Thumb Code    76  port.o(i.vPortEnterCritical)
    vPortExitCritical                        0x08009cd9   Thumb Code    56  port.o(i.vPortExitCritical)
    vPortFree                                0x08009d15   Thumb Code   140  heap_4.o(i.vPortFree)
    vPortSetupTimerInterrupt                 0x08009da9   Thumb Code    36  port.o(i.vPortSetupTimerInterrupt)
    vPortValidateInterruptPriority           0x08009dd1   Thumb Code   106  port.o(i.vPortValidateInterruptPriority)
    vQueueAddToRegistry                      0x08009e49   Thumb Code    38  queue.o(i.vQueueAddToRegistry)
    vQueueWaitForMessageRestricted           0x08009e75   Thumb Code    74  queue.o(i.vQueueWaitForMessageRestricted)
    vTaskDelay                               0x08009ec1   Thumb Code    82  tasks.o(i.vTaskDelay)
    vTaskInternalSetTimeOutState             0x08009f1d   Thumb Code    14  tasks.o(i.vTaskInternalSetTimeOutState)
    vTaskMissedYield                         0x08009f35   Thumb Code     8  tasks.o(i.vTaskMissedYield)
    vTaskNotifyGiveFromISR                   0x08009f41   Thumb Code   214  tasks.o(i.vTaskNotifyGiveFromISR)
    vTaskPlaceOnEventList                    0x0800a031   Thumb Code    52  tasks.o(i.vTaskPlaceOnEventList)
    vTaskPlaceOnEventListRestricted          0x0800a069   Thumb Code    60  tasks.o(i.vTaskPlaceOnEventListRestricted)
    vTaskStartScheduler                      0x0800a0a9   Thumb Code   156  tasks.o(i.vTaskStartScheduler)
    vTaskSuspendAll                          0x0800a161   Thumb Code    12  tasks.o(i.vTaskSuspendAll)
    vTaskSwitchContext                       0x0800a171   Thumb Code   118  tasks.o(i.vTaskSwitchContext)
    xPortStartScheduler                      0x0800a1fd   Thumb Code   330  port.o(i.xPortStartScheduler)
    xPortSysTickHandler                      0x0800a365   Thumb Code    46  port.o(i.xPortSysTickHandler)
    xQueueGenericCreateStatic                0x0800a399   Thumb Code   224  queue.o(i.xQueueGenericCreateStatic)
    xQueueGenericReset                       0x0800a479   Thumb Code   146  queue.o(i.xQueueGenericReset)
    xQueueGenericSend                        0x0800a511   Thumb Code   420  queue.o(i.xQueueGenericSend)
    xQueueGenericSendFromISR                 0x0800a6b9   Thumb Code   248  queue.o(i.xQueueGenericSendFromISR)
    xQueueReceive                            0x0800a7b1   Thumb Code   356  queue.o(i.xQueueReceive)
    xTaskCheckForTimeOut                     0x0800a919   Thumb Code   156  tasks.o(i.xTaskCheckForTimeOut)
    xTaskCreate                              0x0800a9c1   Thumb Code   100  tasks.o(i.xTaskCreate)
    xTaskCreateStatic                        0x0800aa25   Thumb Code   186  tasks.o(i.xTaskCreateStatic)
    xTaskGetSchedulerState                   0x0800aae1   Thumb Code    24  tasks.o(i.xTaskGetSchedulerState)
    xTaskGetTickCount                        0x0800ab01   Thumb Code     6  tasks.o(i.xTaskGetTickCount)
    xTaskIncrementTick                       0x0800ab0d   Thumb Code   282  tasks.o(i.xTaskIncrementTick)
    xTaskPriorityDisinherit                  0x0800ac55   Thumb Code   188  tasks.o(i.xTaskPriorityDisinherit)
    xTaskRemoveFromEventList                 0x0800ad1d   Thumb Code   128  tasks.o(i.xTaskRemoveFromEventList)
    xTaskResumeAll                           0x0800adb5   Thumb Code   224  tasks.o(i.xTaskResumeAll)
    xTimerCreateTimerTask                    0x0800aeb9   Thumb Code   100  timers.o(i.xTimerCreateTimerTask)
    xTimerGenericCommand                     0x0800af31   Thumb Code   128  timers.o(i.xTimerGenericCommand)
    AHBPrescTable                            0x0800afec   Data          16  system_stm32f4xx.o(.constdata)
    APBPrescTable                            0x0800affc   Data           8  system_stm32f4xx.o(.constdata)
    sinTable_f32                             0x0800b02c   Data        2052  arm_common_tables.o(.constdata)
    Region$$Table$$Base                      0x0800b844   Number         0  anon$$obj.o(Region$$Table)
    Region$$Table$$Limit                     0x0800b864   Number         0  anon$$obj.o(Region$$Table)
    calibrate_tast_handle                    0x20000000   Data           4  freertos.o(.data)
    chassisTaskHandle                        0x20000004   Data           4  freertos.o(.data)
    detect_handle                            0x20000008   Data           4  freertos.o(.data)
    imuTaskHandle                            0x2000000c   Data           4  freertos.o(.data)
    led_RGB_flow_handle                      0x20000010   Data           4  freertos.o(.data)
    testHandle                               0x20000014   Data           4  freertos.o(.data)
    SystemCoreClock                          0x2000001c   Data           4  system_stm32f4xx.o(.data)
    calibrate_task_stack                     0x20000028   Data           4  calibrate_task.o(.data)
    cali_hook_fun                            0x20000054   Data          20  calibrate_task.o(.data)
    chassis_behaviour_mode                   0x20000090   Data           1  chassis_behaviour.o(.data)
    chassis_high_water                       0x200000a4   Data           4  chassis_task.o(.data)
    gyro_dma_rx_buf                          0x200000ac   Data           8  ins_task.o(.data)
    gyro_dma_tx_buf                          0x200000b4   Data           8  ins_task.o(.data)
    accel_dma_tx_buf                         0x200000bc   Data           9  ins_task.o(.data)
    accel_temp_dma_rx_buf                    0x200000c5   Data           4  ins_task.o(.data)
    accel_temp_dma_tx_buf                    0x200000c9   Data           4  ins_task.o(.data)
    gyro_update_flag                         0x200000cd   Data           1  ins_task.o(.data)
    accel_update_flag                        0x200000ce   Data           1  ins_task.o(.data)
    accel_temp_update_flag                   0x200000cf   Data           1  ins_task.o(.data)
    mag_update_flag                          0x200000d0   Data           1  ins_task.o(.data)
    imu_start_dma_flag                       0x200000d1   Data           1  ins_task.o(.data)
    gyro_scale_factor                        0x200000d4   Data          36  ins_task.o(.data)
    accel_scale_factor                       0x200000f8   Data          36  ins_task.o(.data)
    mag_scale_factor                         0x2000011c   Data          36  ins_task.o(.data)
    error_list_test_local                    0x2000014c   Data           4  test_task.o(.data)
    uwTick                                   0x20000158   Data           4  stm32f4xx_hal.o(.data)
    uwTickPrio                               0x2000015c   Data           4  stm32f4xx_hal.o(.data)
    uwTickFreq                               0x20000160   Data           1  stm32f4xx_hal.o(.data)
    pxCurrentTCB                             0x20000164   Data           4  tasks.o(.data)
    hcan1                                    0x20000880   Data          40  can.o(.bss)
    hcan2                                    0x200008a8   Data          40  can.o(.bss)
    hi2c3                                    0x200008d0   Data          84  i2c.o(.bss)
    hrtc                                     0x20000924   Data          32  rtc.o(.bss)
    hspi1                                    0x20000944   Data          88  spi.o(.bss)
    hdma_spi1_rx                             0x2000099c   Data          96  spi.o(.bss)
    hdma_spi1_tx                             0x200009fc   Data          96  spi.o(.bss)
    htim1                                    0x20000a5c   Data          64  tim.o(.bss)
    htim3                                    0x20000a9c   Data          64  tim.o(.bss)
    htim4                                    0x20000adc   Data          64  tim.o(.bss)
    htim5                                    0x20000b1c   Data          64  tim.o(.bss)
    htim8                                    0x20000b5c   Data          64  tim.o(.bss)
    htim10                                   0x20000b9c   Data          64  tim.o(.bss)
    huart3                                   0x20000bdc   Data          64  usart.o(.bss)
    hdma_usart3_rx                           0x20000c1c   Data          96  usart.o(.bss)
    cali_sensor                              0x20000d50   Data          65  calibrate_task.o(.bss)
    chassis_move                             0x20000e0c   Data         548  chassis_task.o(.bss)
    error_list                               0x20001030   Data         540  detect_task.o(.bss)
    accel_dma_rx_buf                         0x2000124c   Data           9  ins_task.o(.bss)
    bmi088_real_data                         0x20001258   Data          36  ins_task.o(.bss)
    gyro_offset                              0x2000127c   Data          12  ins_task.o(.bss)
    gyro_cali_offset                         0x20001288   Data          12  ins_task.o(.bss)
    accel_offset                             0x20001294   Data          12  ins_task.o(.bss)
    accel_cali_offset                        0x200012a0   Data          12  ins_task.o(.bss)
    ist8310_real_data                        0x200012ac   Data          16  ins_task.o(.bss)
    mag_offset                               0x200012bc   Data          12  ins_task.o(.bss)
    mag_cali_offset                          0x200012c8   Data          12  ins_task.o(.bss)
    INS_angle                                0x20001374   Data          12  ins_task.o(.bss)
    rc_ctrl                                  0x20001380   Data          22  remote_control.o(.bss)
    xQueueRegistry                           0x200013e0   Data          64  queue.o(.bss)
    __initial_sp                             0x20009620   Data           0  startup_stm32f407xx.o(STACK)



==============================================================================

Memory Map of the image

  Image Entry point : 0x08000189

  Load Region LR_IROM1 (Base: 0x08000000, Size: 0x0000ba3c, Max: 0x00100000, ABSOLUTE, COMPRESSED[0x0000b8c0])

    Execution Region ER_IROM1 (Exec base: 0x08000000, Load base: 0x08000000, Size: 0x0000b864, Max: 0x00100000, ABSOLUTE)

    Exec Addr    Load Addr    Size         Type   Attr      Idx    E Section Name        Object

    0x08000000   0x08000000   0x00000188   Data   RO            3    RESET               startup_stm32f407xx.o
    0x08000188   0x08000188   0x00000000   Code   RO         8164  * .ARM.Collect$$$$00000000  mc_w.l(entry.o)
    0x08000188   0x08000188   0x00000004   Code   RO         8208    .ARM.Collect$$$$00000001  mc_w.l(entry2.o)
    0x0800018c   0x0800018c   0x00000004   Code   RO         8211    .ARM.Collect$$$$00000004  mc_w.l(entry5.o)
    0x08000190   0x08000190   0x00000000   Code   RO         8213    .ARM.Collect$$$$00000008  mc_w.l(entry7b.o)
    0x08000190   0x08000190   0x00000000   Code   RO         8215    .ARM.Collect$$$$0000000A  mc_w.l(entry8b.o)
    0x08000190   0x08000190   0x00000008   Code   RO         8216    .ARM.Collect$$$$0000000B  mc_w.l(entry9a.o)
    0x08000198   0x08000198   0x00000000   Code   RO         8218    .ARM.Collect$$$$0000000D  mc_w.l(entry10a.o)
    0x08000198   0x08000198   0x00000000   Code   RO         8220    .ARM.Collect$$$$0000000F  mc_w.l(entry11a.o)
    0x08000198   0x08000198   0x00000004   Code   RO         8209    .ARM.Collect$$$$00002712  mc_w.l(entry2.o)
    0x0800019c   0x0800019c   0x000000be   Code   RO         7775    .emb_text           port.o
    0x0800025a   0x0800025a   0x00000002   PAD
    0x0800025c   0x0800025c   0x00000024   Code   RO            4    .text               startup_stm32f407xx.o
    0x08000280   0x08000280   0x00000074   Code   RO         7995    .text               arm_cortexM4lf_math.lib(arm_sin_f32.o)
    0x080002f4   0x080002f4   0x00000062   Code   RO         8167    .text               mc_w.l(uldiv.o)
    0x08000356   0x08000356   0x00000024   Code   RO         8169    .text               mc_w.l(memcpya.o)
    0x0800037a   0x0800037a   0x00000024   Code   RO         8173    .text               mc_w.l(memseta.o)
    0x0800039e   0x0800039e   0x0000014e   Code   RO         8179    .text               mf_w.l(dadd.o)
    0x080004ec   0x080004ec   0x000000e4   Code   RO         8181    .text               mf_w.l(dmul.o)
    0x080005d0   0x080005d0   0x00000022   Code   RO         8183    .text               mf_w.l(dflti.o)
    0x080005f2   0x080005f2   0x00000026   Code   RO         8185    .text               mf_w.l(f2d.o)
    0x08000618   0x08000618   0x00000038   Code   RO         8187    .text               mf_w.l(d2f.o)
    0x08000650   0x08000650   0x0000001e   Code   RO         8222    .text               mc_w.l(llshl.o)
    0x0800066e   0x0800066e   0x00000020   Code   RO         8224    .text               mc_w.l(llushr.o)
    0x0800068e   0x0800068e   0x00000024   Code   RO         8226    .text               mc_w.l(llsshr.o)
    0x080006b2   0x080006b2   0x00000000   Code   RO         8235    .text               mc_w.l(iusefp.o)
    0x080006b2   0x080006b2   0x0000006e   Code   RO         8236    .text               mf_w.l(fepilogue.o)
    0x08000720   0x08000720   0x000000ba   Code   RO         8238    .text               mf_w.l(depilogue.o)
    0x080007da   0x080007da   0x00000002   PAD
    0x080007dc   0x080007dc   0x00000024   Code   RO         8240    .text               mc_w.l(init.o)
    0x08000800   0x08000800   0x00000056   Code   RO         8250    .text               mc_w.l(__dczerorl2.o)
    0x08000856   0x08000856   0x00000004   Code   RO          677    i.BusFault_Handler  stm32f4xx_it.o
    0x0800085a   0x0800085a   0x00000002   PAD
    0x0800085c   0x0800085c   0x00000010   Code   RO          678    i.CAN1_RX0_IRQHandler  stm32f4xx_it.o
    0x0800086c   0x0800086c   0x00000010   Code   RO          679    i.CAN2_RX0_IRQHandler  stm32f4xx_it.o
    0x0800087c   0x0800087c   0x00000050   Code   RO         1340    i.CAN_cmd_chassis   can_receive.o
    0x080008cc   0x080008cc   0x00000898   Code   RO         1625    i.DMA2_Stream2_IRQHandler  ins_task.o
    0x08001164   0x08001164   0x00000034   Code   RO         3219    i.DMA_CalcBaseAndBitshift  stm32f4xx_hal_dma.o
    0x08001198   0x08001198   0x000000aa   Code   RO         3220    i.DMA_CheckFifoParam  stm32f4xx_hal_dma.o
    0x08001242   0x08001242   0x00000002   Code   RO          680    i.DebugMon_Handler  stm32f4xx_it.o
    0x08001244   0x08001244   0x0000000a   Code   RO          681    i.EXTI0_IRQHandler  stm32f4xx_it.o
    0x0800124e   0x0800124e   0x0000000a   Code   RO          682    i.EXTI3_IRQHandler  stm32f4xx_it.o
    0x08001258   0x08001258   0x0000000a   Code   RO          683    i.EXTI4_IRQHandler  stm32f4xx_it.o
    0x08001262   0x08001262   0x0000000a   Code   RO          684    i.EXTI9_5_IRQHandler  stm32f4xx_it.o
    0x0800126c   0x0800126c   0x00000002   Code   RO           13    i.Error_Handler     main.o
    0x0800126e   0x0800126e   0x0000002a   Code   RO         2482    i.HAL_CAN_ActivateNotification  stm32f4xx_hal_can.o
    0x08001298   0x08001298   0x00000156   Code   RO         2483    i.HAL_CAN_AddTxMessage  stm32f4xx_hal_can.o
    0x080013ee   0x080013ee   0x00000002   PAD
    0x080013f0   0x080013f0   0x00000124   Code   RO         2484    i.HAL_CAN_ConfigFilter  stm32f4xx_hal_can.o
    0x08001514   0x08001514   0x00000002   Code   RO         2487    i.HAL_CAN_ErrorCallback  stm32f4xx_hal_can.o
    0x08001516   0x08001516   0x0000017a   Code   RO         2490    i.HAL_CAN_GetRxMessage  stm32f4xx_hal_can.o
    0x08001690   0x08001690   0x0000024e   Code   RO         2494    i.HAL_CAN_IRQHandler  stm32f4xx_hal_can.o
    0x080018de   0x080018de   0x00000174   Code   RO         2495    i.HAL_CAN_Init      stm32f4xx_hal_can.o
    0x08001a52   0x08001a52   0x00000002   PAD
    0x08001a54   0x08001a54   0x00000160   Code   RO          359    i.HAL_CAN_MspInit   can.o
    0x08001bb4   0x08001bb4   0x00000002   Code   RO         2502    i.HAL_CAN_RxFifo0FullCallback  stm32f4xx_hal_can.o
    0x08001bb6   0x08001bb6   0x00000002   PAD
    0x08001bb8   0x08001bb8   0x000000dc   Code   RO         1343    i.HAL_CAN_RxFifo0MsgPendingCallback  can_receive.o
    0x08001c94   0x08001c94   0x00000002   Code   RO         2504    i.HAL_CAN_RxFifo1FullCallback  stm32f4xx_hal_can.o
    0x08001c96   0x08001c96   0x00000002   Code   RO         2505    i.HAL_CAN_RxFifo1MsgPendingCallback  stm32f4xx_hal_can.o
    0x08001c98   0x08001c98   0x00000002   Code   RO         2506    i.HAL_CAN_SleepCallback  stm32f4xx_hal_can.o
    0x08001c9a   0x08001c9a   0x0000005e   Code   RO         2507    i.HAL_CAN_Start     stm32f4xx_hal_can.o
    0x08001cf8   0x08001cf8   0x00000002   Code   RO         2509    i.HAL_CAN_TxMailbox0AbortCallback  stm32f4xx_hal_can.o
    0x08001cfa   0x08001cfa   0x00000002   Code   RO         2510    i.HAL_CAN_TxMailbox0CompleteCallback  stm32f4xx_hal_can.o
    0x08001cfc   0x08001cfc   0x00000002   Code   RO         2511    i.HAL_CAN_TxMailbox1AbortCallback  stm32f4xx_hal_can.o
    0x08001cfe   0x08001cfe   0x00000002   Code   RO         2512    i.HAL_CAN_TxMailbox1CompleteCallback  stm32f4xx_hal_can.o
    0x08001d00   0x08001d00   0x00000002   Code   RO         2513    i.HAL_CAN_TxMailbox2AbortCallback  stm32f4xx_hal_can.o
    0x08001d02   0x08001d02   0x00000002   Code   RO         2514    i.HAL_CAN_TxMailbox2CompleteCallback  stm32f4xx_hal_can.o
    0x08001d04   0x08001d04   0x00000002   Code   RO         2516    i.HAL_CAN_WakeUpFromRxMsgCallback  stm32f4xx_hal_can.o
    0x08001d06   0x08001d06   0x00000002   PAD
    0x08001d08   0x08001d08   0x000000ec   Code   RO         3228    i.HAL_DMA_Init      stm32f4xx_hal_dma.o
    0x08001df4   0x08001df4   0x000000b8   Code   RO         1626    i.HAL_GPIO_EXTI_Callback  ins_task.o
    0x08001eac   0x08001eac   0x0000001c   Code   RO         3114    i.HAL_GPIO_EXTI_IRQHandler  stm32f4xx_hal_gpio.o
    0x08001ec8   0x08001ec8   0x00000200   Code   RO         3115    i.HAL_GPIO_Init     stm32f4xx_hal_gpio.o
    0x080020c8   0x080020c8   0x0000000c   Code   RO         3119    i.HAL_GPIO_WritePin  stm32f4xx_hal_gpio.o
    0x080020d4   0x080020d4   0x0000000c   Code   RO         3652    i.HAL_GetTick       stm32f4xx_hal.o
    0x080020e0   0x080020e0   0x000001d0   Code   RO         3908    i.HAL_I2C_Init      stm32f4xx_hal_i2c.o
    0x080022b0   0x080022b0   0x000000c8   Code   RO          432    i.HAL_I2C_MspInit   i2c.o
    0x08002378   0x08002378   0x00000018   Code   RO         3658    i.HAL_IncTick       stm32f4xx_hal.o
    0x08002390   0x08002390   0x0000003c   Code   RO         3659    i.HAL_Init          stm32f4xx_hal.o
    0x080023cc   0x080023cc   0x0000004c   Code   RO         3660    i.HAL_InitTick      stm32f4xx_hal.o
    0x08002418   0x08002418   0x00000054   Code   RO          777    i.HAL_MspInit       stm32f4xx_hal_msp.o
    0x0800246c   0x0800246c   0x00000020   Code   RO         3504    i.HAL_NVIC_EnableIRQ  stm32f4xx_hal_cortex.o
    0x0800248c   0x0800248c   0x0000007c   Code   RO         3510    i.HAL_NVIC_SetPriority  stm32f4xx_hal_cortex.o
    0x08002508   0x08002508   0x00000028   Code   RO         3511    i.HAL_NVIC_SetPriorityGrouping  stm32f4xx_hal_cortex.o
    0x08002530   0x08002530   0x000001a0   Code   RO         2821    i.HAL_RCCEx_PeriphCLKConfig  stm32f4xx_hal_rcc_ex.o
    0x080026d0   0x080026d0   0x00000184   Code   RO         2716    i.HAL_RCC_ClockConfig  stm32f4xx_hal_rcc.o
    0x08002854   0x08002854   0x0000000c   Code   RO         2721    i.HAL_RCC_GetHCLKFreq  stm32f4xx_hal_rcc.o
    0x08002860   0x08002860   0x00000020   Code   RO         2723    i.HAL_RCC_GetPCLK1Freq  stm32f4xx_hal_rcc.o
    0x08002880   0x08002880   0x00000020   Code   RO         2724    i.HAL_RCC_GetPCLK2Freq  stm32f4xx_hal_rcc.o
    0x080028a0   0x080028a0   0x000000b0   Code   RO         2725    i.HAL_RCC_GetSysClockFreq  stm32f4xx_hal_rcc.o
    0x08002950   0x08002950   0x00000488   Code   RO         2728    i.HAL_RCC_OscConfig  stm32f4xx_hal_rcc.o
    0x08002dd8   0x08002dd8   0x000000d8   Code   RO         4395    i.HAL_RTC_Init      stm32f4xx_hal_rtc.o
    0x08002eb0   0x08002eb0   0x00000018   Code   RO          474    i.HAL_RTC_MspInit   rtc.o
    0x08002ec8   0x08002ec8   0x0000003a   Code   RO         4403    i.HAL_RTC_WaitForSynchro  stm32f4xx_hal_rtc.o
    0x08002f02   0x08002f02   0x0000008c   Code   RO         4764    i.HAL_SPI_Init      stm32f4xx_hal_spi.o
    0x08002f8e   0x08002f8e   0x00000002   PAD
    0x08002f90   0x08002f90   0x00000158   Code   RO          516    i.HAL_SPI_MspInit   spi.o
    0x080030e8   0x080030e8   0x00000034   Code   RO         3515    i.HAL_SYSTICK_Config  stm32f4xx_hal_cortex.o
    0x0800311c   0x0800311c   0x00000074   Code   RO         5766    i.HAL_TIMEx_ConfigBreakDeadTime  stm32f4xx_hal_tim_ex.o
    0x08003190   0x08003190   0x000000b4   Code   RO         5781    i.HAL_TIMEx_MasterConfigSynchronization  stm32f4xx_hal_tim_ex.o
    0x08003244   0x08003244   0x00000034   Code   RO         5077    i.HAL_TIM_Base_Init  stm32f4xx_hal_tim.o
    0x08003278   0x08003278   0x0000011c   Code   RO          558    i.HAL_TIM_Base_MspInit  tim.o
    0x08003394   0x08003394   0x0000002a   Code   RO         5080    i.HAL_TIM_Base_Start  stm32f4xx_hal_tim.o
    0x080033be   0x080033be   0x00000108   Code   RO         5086    i.HAL_TIM_ConfigClockSource  stm32f4xx_hal_tim.o
    0x080034c6   0x080034c6   0x00000002   PAD
    0x080034c8   0x080034c8   0x00000274   Code   RO          559    i.HAL_TIM_MspPostInit  tim.o
    0x0800373c   0x0800373c   0x00000108   Code   RO         5144    i.HAL_TIM_PWM_ConfigChannel  stm32f4xx_hal_tim.o
    0x08003844   0x08003844   0x00000034   Code   RO         5147    i.HAL_TIM_PWM_Init  stm32f4xx_hal_tim.o
    0x08003878   0x08003878   0x00000002   Code   RO         5149    i.HAL_TIM_PWM_MspInit  stm32f4xx_hal_tim.o
    0x0800387a   0x0800387a   0x00000002   PAD
    0x0800387c   0x0800387c   0x00000058   Code   RO         5152    i.HAL_TIM_PWM_Start  stm32f4xx_hal_tim.o
    0x080038d4   0x080038d4   0x00000072   Code   RO         6039    i.HAL_UART_Init     stm32f4xx_hal_uart.o
    0x08003946   0x08003946   0x00000002   PAD
    0x08003948   0x08003948   0x000000e0   Code   RO          636    i.HAL_UART_MspInit  usart.o
    0x08003a28   0x08003a28   0x00000004   Code   RO          685    i.HardFault_Handler  stm32f4xx_it.o
    0x08003a2c   0x08003a2c   0x0000007c   Code   RO         1627    i.INS_cali_gyro     ins_task.o
    0x08003aa8   0x08003aa8   0x00000048   Code   RO         1628    i.INS_set_cali_gyro  ins_task.o
    0x08003af0   0x08003af0   0x00000044   Code   RO          360    i.MX_CAN1_Init      can.o
    0x08003b34   0x08003b34   0x00000044   Code   RO          361    i.MX_CAN2_Init      can.o
    0x08003b78   0x08003b78   0x00000078   Code   RO          407    i.MX_DMA_Init       dma.o
    0x08003bf0   0x08003bf0   0x00000044   Code   RO          302    i.MX_FREERTOS_Init  freertos.o
    0x08003c34   0x08003c34   0x000001fc   Code   RO          278    i.MX_GPIO_Init      gpio.o
    0x08003e30   0x08003e30   0x0000003c   Code   RO          433    i.MX_I2C3_Init      i2c.o
    0x08003e6c   0x08003e6c   0x00000034   Code   RO          475    i.MX_RTC_Init       rtc.o
    0x08003ea0   0x08003ea0   0x00000048   Code   RO          517    i.MX_SPI1_Init      spi.o
    0x08003ee8   0x08003ee8   0x0000006c   Code   RO          560    i.MX_TIM10_Init     tim.o
    0x08003f54   0x08003f54   0x00000110   Code   RO          561    i.MX_TIM1_Init      tim.o
    0x08004064   0x08004064   0x000000a4   Code   RO          562    i.MX_TIM3_Init      tim.o
    0x08004108   0x08004108   0x000000a4   Code   RO          563    i.MX_TIM4_Init      tim.o
    0x080041ac   0x080041ac   0x000000c4   Code   RO          564    i.MX_TIM5_Init      tim.o
    0x08004270   0x08004270   0x000000f8   Code   RO          565    i.MX_TIM8_Init      tim.o
    0x08004368   0x08004368   0x0000003c   Code   RO          637    i.MX_USART3_UART_Init  usart.o
    0x080043a4   0x080043a4   0x00000004   Code   RO          686    i.MemManage_Handler  stm32f4xx_it.o
    0x080043a8   0x080043a8   0x00000002   Code   RO          687    i.NMI_Handler       stm32f4xx_it.o
    0x080043aa   0x080043aa   0x00000002   PAD
    0x080043ac   0x080043ac   0x000001f0   Code   RO         2445    i.PID_calc          pid.o
    0x0800459c   0x0800459c   0x00000060   Code   RO         2447    i.PID_init          pid.o
    0x080045fc   0x080045fc   0x0000009c   Code   RO         1130    i.RC_Init           bsp_rc.o
    0x08004698   0x08004698   0x00000050   Code   RO         1131    i.RC_restart        bsp_rc.o
    0x080046e8   0x080046e8   0x00000018   Code   RO         1132    i.RC_unable         bsp_rc.o
    0x08004700   0x08004700   0x0000003e   Code   RO         4406    i.RTC_EnterInitMode  stm32f4xx_hal_rtc.o
    0x0800473e   0x0800473e   0x00000002   PAD
    0x08004740   0x08004740   0x0000273c   Code   RO         1167    i.SPI1_DMA_enable   bsp_spi.o
    0x08006e7c   0x08006e7c   0x00000014   Code   RO          688    i.SysTick_Handler   stm32f4xx_it.o
    0x08006e90   0x08006e90   0x000000d4   Code   RO           14    i.SystemClock_Config  main.o
    0x08006f64   0x08006f64   0x00000064   Code   RO          802    i.SystemInit        system_stm32f4xx.o
    0x08006fc8   0x08006fc8   0x000000d8   Code   RO         5165    i.TIM_Base_SetConfig  stm32f4xx_hal_tim.o
    0x080070a0   0x080070a0   0x00000022   Code   RO         5166    i.TIM_CCxChannelCmd  stm32f4xx_hal_tim.o
    0x080070c2   0x080070c2   0x00000016   Code   RO         5176    i.TIM_ETR_SetConfig  stm32f4xx_hal_tim.o
    0x080070d8   0x080070d8   0x00000012   Code   RO         5177    i.TIM_ITRx_SetConfig  stm32f4xx_hal_tim.o
    0x080070ea   0x080070ea   0x00000002   PAD
    0x080070ec   0x080070ec   0x00000070   Code   RO         5178    i.TIM_OC1_SetConfig  stm32f4xx_hal_tim.o
    0x0800715c   0x0800715c   0x0000007c   Code   RO         5179    i.TIM_OC2_SetConfig  stm32f4xx_hal_tim.o
    0x080071d8   0x080071d8   0x00000078   Code   RO         5180    i.TIM_OC3_SetConfig  stm32f4xx_hal_tim.o
    0x08007250   0x08007250   0x00000054   Code   RO         5181    i.TIM_OC4_SetConfig  stm32f4xx_hal_tim.o
    0x080072a4   0x080072a4   0x00000026   Code   RO         5183    i.TIM_TI1_ConfigInputStage  stm32f4xx_hal_tim.o
    0x080072ca   0x080072ca   0x00000028   Code   RO         5185    i.TIM_TI2_ConfigInputStage  stm32f4xx_hal_tim.o
    0x080072f2   0x080072f2   0x00000002   PAD
    0x080072f4   0x080072f4   0x000003e8   Code   RO         6066    i.UART_SetConfig    stm32f4xx_hal_uart.o
    0x080076dc   0x080076dc   0x00000130   Code   RO         1771    i.USART3_IRQHandler  remote_control.o
    0x0800780c   0x0800780c   0x00000004   Code   RO          689    i.UsageFault_Handler  stm32f4xx_it.o
    0x08007810   0x08007810   0x00000010   Code   RO         3517    i.__NVIC_GetPriorityGrouping  stm32f4xx_hal_cortex.o
    0x08007820   0x08007820   0x00000028   Code   RO         3518    i.__NVIC_SetPriority  stm32f4xx_hal_cortex.o
    0x08007848   0x08007848   0x00000014   Code   RO         8134    i.__hardfp_fabs     m_wm.l(fabs.o)
    0x0800785c   0x0800785c   0x0000000e   Code   RO         8244    i.__scatterload_copy  mc_w.l(handlers.o)
    0x0800786a   0x0800786a   0x00000002   Code   RO         8245    i.__scatterload_null  mc_w.l(handlers.o)
    0x0800786c   0x0800786c   0x0000000e   Code   RO         8246    i.__scatterload_zeroinit  mc_w.l(handlers.o)
    0x0800787a   0x0800787a   0x00000002   PAD
    0x0800787c   0x0800787c   0x00000010   Code   RO          838    i.buzzer_off        bsp_buzzer.o
    0x0800788c   0x0800788c   0x00000014   Code   RO          839    i.buzzer_on         bsp_buzzer.o
    0x080078a0   0x080078a0   0x0000007c   Code   RO         1838    i.buzzer_warn_error  test_task.o
    0x0800791c   0x0800791c   0x000000ec   Code   RO         1230    i.cali_data_read    calibrate_task.o
    0x08007a08   0x08007a08   0x00000006   Code   RO         1232    i.cali_gimbal_hook  calibrate_task.o
    0x08007a0e   0x08007a0e   0x00000002   PAD
    0x08007a10   0x08007a10   0x00000064   Code   RO         1233    i.cali_gyro_hook    calibrate_task.o
    0x08007a74   0x08007a74   0x00000036   Code   RO         1234    i.cali_head_hook    calibrate_task.o
    0x08007aaa   0x08007aaa   0x00000002   PAD
    0x08007aac   0x08007aac   0x000000b8   Code   RO         1235    i.cali_param_init   calibrate_task.o
    0x08007b64   0x08007b64   0x0000005c   Code   RO          950    i.can_filter_init   bsp_can.o
    0x08007bc0   0x08007bc0   0x000000a0   Code   RO         1429    i.chassis_behaviour_control_set  chassis_behaviour.o
    0x08007c60   0x08007c60   0x0000008c   Code   RO         1430    i.chassis_behaviour_mode_set  chassis_behaviour.o
    0x08007cec   0x08007cec   0x000001c4   Code   RO         1515    i.chassis_control_loop  chassis_task.o
    0x08007eb0   0x08007eb0   0x00000060   Code   RO         1431    i.chassis_engineer_follow_chassis_yaw_control  chassis_behaviour.o
    0x08007f10   0x08007f10   0x00000150   Code   RO         1516    i.chassis_feedback_update  chassis_task.o
    0x08008060   0x08008060   0x0000011c   Code   RO         1432    i.chassis_infantry_follow_gimbal_yaw_control  chassis_behaviour.o
    0x0800817c   0x0800817c   0x000000cc   Code   RO         1517    i.chassis_init      chassis_task.o
    0x08008248   0x08008248   0x00000058   Code   RO         1518    i.chassis_mode_change_control_transit  chassis_task.o
    0x080082a0   0x080082a0   0x00000044   Code   RO         1433    i.chassis_no_follow_yaw_control  chassis_behaviour.o
    0x080082e4   0x080082e4   0x0000002c   Code   RO         1434    i.chassis_no_move_control  chassis_behaviour.o
    0x08008310   0x08008310   0x0000005c   Code   RO         1435    i.chassis_open_set_control  chassis_behaviour.o
    0x0800836c   0x0800836c   0x0000015c   Code   RO         1519    i.chassis_rc_to_control_vector  chassis_task.o
    0x080084c8   0x080084c8   0x000001bc   Code   RO         1520    i.chassis_set_contorl  chassis_task.o
    0x08008684   0x08008684   0x00000012   Code   RO         1521    i.chassis_set_mode  chassis_task.o
    0x08008696   0x08008696   0x00000002   PAD
    0x08008698   0x08008698   0x00000160   Code   RO         1522    i.chassis_task      chassis_task.o
    0x080087f8   0x080087f8   0x00000054   Code   RO         1523    i.chassis_vector_to_mecanum_wheel_speed  chassis_task.o
    0x0800884c   0x0800884c   0x0000002c   Code   RO         1436    i.chassis_zero_force_control  chassis_behaviour.o
    0x08008878   0x08008878   0x00000030   Code   RO          975    i.delay_init        bsp_delay.o
    0x080088a8   0x080088a8   0x00000124   Code   RO         1582    i.detect_hook       detect_task.o
    0x080089cc   0x080089cc   0x00000054   Code   RO         2347    i.first_order_filter_cali  user_lib.o
    0x08008a20   0x08008a20   0x00000024   Code   RO         2348    i.first_order_filter_init  user_lib.o
    0x08008a44   0x08008a44   0x00000014   Code   RO         1014    i.flash_read        bsp_flash.o
    0x08008a58   0x08008a58   0x0000002a   Code   RO         2349    i.fp32_constrain    user_lib.o
    0x08008a82   0x08008a82   0x00000002   PAD
    0x08008a84   0x08008a84   0x00000038   Code   RO         1201    i.fric_off          bsp_fric.o
    0x08008abc   0x08008abc   0x00000018   Code   RO         1202    i.fric_on           bsp_fric.o
    0x08008ad4   0x08008ad4   0x00000008   Code   RO         1630    i.get_INS_angle_point  ins_task.o
    0x08008adc   0x08008adc   0x00000018   Code   RO         1344    i.get_chassis_motor_measure_point  can_receive.o
    0x08008af4   0x08008af4   0x00000008   Code   RO         1585    i.get_error_list_point  detect_task.o
    0x08008afc   0x08008afc   0x00000008   Code   RO         1772    i.get_remote_control_point  remote_control.o
    0x08008b04   0x08008b04   0x00000054   Code   RO         1635    i.gyro_offset_calc  ins_task.o
    0x08008b58   0x08008b58   0x00000168   Code   RO         1637    i.imu_cmd_spi_dma   ins_task.o
    0x08008cc0   0x08008cc0   0x00000060   Code   RO         2354    i.loop_fp32_constrain  user_lib.o
    0x08008d20   0x08008d20   0x0000008c   Code   RO           15    i.main              main.o
    0x08008dac   0x08008dac   0x0000000e   Code   RO         7347    i.makeFreeRtosPriority  cmsis_os.o
    0x08008dba   0x08008dba   0x00000018   Code   RO         7349    i.osDelay           cmsis_os.o
    0x08008dd2   0x08008dd2   0x0000000a   Code   RO         7352    i.osKernelStart     cmsis_os.o
    0x08008ddc   0x08008ddc   0x0000005e   Code   RO         7386    i.osThreadCreate    cmsis_os.o
    0x08008e3a   0x08008e3a   0x00000002   PAD
    0x08008e3c   0x08008e3c   0x000000a4   Code   RO         6833    i.prvAddCurrentTaskToDelayedList  tasks.o
    0x08008ee0   0x08008ee0   0x000000b4   Code   RO         6834    i.prvAddNewTaskToReadyList  tasks.o
    0x08008f94   0x08008f94   0x00000074   Code   RO         7185    i.prvCheckForValidListAndQueue  timers.o
    0x08009008   0x08009008   0x00000048   Code   RO         6835    i.prvCheckTasksWaitingTermination  tasks.o
    0x08009050   0x08009050   0x0000002a   Code   RO         6486    i.prvCopyDataFromQueue  queue.o
    0x0800907a   0x0800907a   0x0000007e   Code   RO         6487    i.prvCopyDataToQueue  queue.o
    0x080090f8   0x080090f8   0x00000050   Code   RO         6836    i.prvDeleteTCB      tasks.o
    0x08009148   0x08009148   0x00000028   Code   RO         7186    i.prvGetNextExpireTime  timers.o
    0x08009170   0x08009170   0x0000007c   Code   RO         7726    i.prvHeapInit       heap_4.o
    0x080091ec   0x080091ec   0x00000028   Code   RO         6837    i.prvIdleTask       tasks.o
    0x08009214   0x08009214   0x00000026   Code   RO         6490    i.prvInitialiseNewQueue  queue.o
    0x0800923a   0x0800923a   0x000000c2   Code   RO         6838    i.prvInitialiseNewTask  tasks.o
    0x080092fc   0x080092fc   0x00000068   Code   RO         6839    i.prvInitialiseTaskLists  tasks.o
    0x08009364   0x08009364   0x00000068   Code   RO         7727    i.prvInsertBlockIntoFreeList  heap_4.o
    0x080093cc   0x080093cc   0x00000058   Code   RO         7188    i.prvInsertTimerInActiveList  timers.o
    0x08009424   0x08009424   0x0000001a   Code   RO         6491    i.prvIsQueueEmpty   queue.o
    0x0800943e   0x0800943e   0x0000001e   Code   RO         6492    i.prvIsQueueFull    queue.o
    0x0800945c   0x0800945c   0x00000074   Code   RO         7189    i.prvProcessExpiredTimer  timers.o
    0x080094d0   0x080094d0   0x00000164   Code   RO         7190    i.prvProcessReceivedCommands  timers.o
    0x08009634   0x08009634   0x00000074   Code   RO         7191    i.prvProcessTimerOrBlockTask  timers.o
    0x080096a8   0x080096a8   0x00000034   Code   RO         6840    i.prvResetNextTaskUnblockTime  tasks.o
    0x080096dc   0x080096dc   0x0000002c   Code   RO         7192    i.prvSampleTimeNow  timers.o
    0x08009708   0x08009708   0x000000a4   Code   RO         7193    i.prvSwitchTimerLists  timers.o
    0x080097ac   0x080097ac   0x00000016   Code   RO         6842    i.prvTaskCheckFreeStackSpace  tasks.o
    0x080097c2   0x080097c2   0x00000002   PAD
    0x080097c4   0x080097c4   0x00000040   Code   RO         7776    i.prvTaskExitError  port.o
    0x08009804   0x08009804   0x0000001a   Code   RO         7194    i.prvTimerTask      timers.o
    0x0800981e   0x0800981e   0x0000007e   Code   RO         6493    i.prvUnlockQueue    queue.o
    0x0800989c   0x0800989c   0x0000013c   Code   RO         7728    i.pvPortMalloc      heap_4.o
    0x080099d8   0x080099d8   0x0000002c   Code   RO         7777    i.pxPortInitialiseStack  port.o
    0x08009a04   0x08009a04   0x00000014   Code   RO         1773    i.remote_control_init  remote_control.o
    0x08009a18   0x08009a18   0x000000da   Code   RO         1774    i.sbus_to_rc        remote_control.o
    0x08009af2   0x08009af2   0x00000002   PAD
    0x08009af4   0x08009af4   0x0000008c   Code   RO         1839    i.test_task         test_task.o
    0x08009b80   0x08009b80   0x00000018   Code   RO         1586    i.toe_is_error      detect_task.o
    0x08009b98   0x08009b98   0x00000028   Code   RO         6446    i.uxListRemove      list.o
    0x08009bc0   0x08009bc0   0x00000028   Code   RO         6847    i.uxTaskGetStackHighWaterMark  tasks.o
    0x08009be8   0x08009be8   0x00000018   Code   RO          304    i.vApplicationGetIdleTaskMemory  freertos.o
    0x08009c00   0x08009c00   0x00000018   Code   RO          305    i.vApplicationGetTimerTaskMemory  freertos.o
    0x08009c18   0x08009c18   0x0000001a   Code   RO         6447    i.vListInitialise   list.o
    0x08009c32   0x08009c32   0x00000006   Code   RO         6448    i.vListInitialiseItem  list.o
    0x08009c38   0x08009c38   0x00000034   Code   RO         6449    i.vListInsert       list.o
    0x08009c6c   0x08009c6c   0x00000018   Code   RO         6450    i.vListInsertEnd    list.o
    0x08009c84   0x08009c84   0x00000054   Code   RO         7779    i.vPortEnterCritical  port.o
    0x08009cd8   0x08009cd8   0x0000003c   Code   RO         7780    i.vPortExitCritical  port.o
    0x08009d14   0x08009d14   0x00000094   Code   RO         7729    i.vPortFree         heap_4.o
    0x08009da8   0x08009da8   0x00000028   Code   RO         7781    i.vPortSetupTimerInterrupt  port.o
    0x08009dd0   0x08009dd0   0x00000078   Code   RO         7782    i.vPortValidateInterruptPriority  port.o
    0x08009e48   0x08009e48   0x0000002c   Code   RO         6497    i.vQueueAddToRegistry  queue.o
    0x08009e74   0x08009e74   0x0000004a   Code   RO         6500    i.vQueueWaitForMessageRestricted  queue.o
    0x08009ebe   0x08009ebe   0x00000002   PAD
    0x08009ec0   0x08009ec0   0x0000005c   Code   RO         6851    i.vTaskDelay        tasks.o
    0x08009f1c   0x08009f1c   0x00000018   Code   RO         6855    i.vTaskInternalSetTimeOutState  tasks.o
    0x08009f34   0x08009f34   0x0000000c   Code   RO         6856    i.vTaskMissedYield  tasks.o
    0x08009f40   0x08009f40   0x000000f0   Code   RO         6857    i.vTaskNotifyGiveFromISR  tasks.o
    0x0800a030   0x0800a030   0x00000038   Code   RO         6858    i.vTaskPlaceOnEventList  tasks.o
    0x0800a068   0x0800a068   0x00000040   Code   RO         6859    i.vTaskPlaceOnEventListRestricted  tasks.o
    0x0800a0a8   0x0800a0a8   0x000000b8   Code   RO         6866    i.vTaskStartScheduler  tasks.o
    0x0800a160   0x0800a160   0x00000010   Code   RO         6868    i.vTaskSuspendAll   tasks.o
    0x0800a170   0x0800a170   0x0000008c   Code   RO         6869    i.vTaskSwitchContext  tasks.o
    0x0800a1fc   0x0800a1fc   0x00000168   Code   RO         7783    i.xPortStartScheduler  port.o
    0x0800a364   0x0800a364   0x00000034   Code   RO         7784    i.xPortSysTickHandler  port.o
    0x0800a398   0x0800a398   0x000000e0   Code   RO         6504    i.xQueueGenericCreateStatic  queue.o
    0x0800a478   0x0800a478   0x00000098   Code   RO         6505    i.xQueueGenericReset  queue.o
    0x0800a510   0x0800a510   0x000001a8   Code   RO         6506    i.xQueueGenericSend  queue.o
    0x0800a6b8   0x0800a6b8   0x000000f8   Code   RO         6507    i.xQueueGenericSendFromISR  queue.o
    0x0800a7b0   0x0800a7b0   0x00000168   Code   RO         6515    i.xQueueReceive     queue.o
    0x0800a918   0x0800a918   0x000000a8   Code   RO         6871    i.xTaskCheckForTimeOut  tasks.o
    0x0800a9c0   0x0800a9c0   0x00000064   Code   RO         6872    i.xTaskCreate       tasks.o
    0x0800aa24   0x0800aa24   0x000000ba   Code   RO         6873    i.xTaskCreateStatic  tasks.o
    0x0800aade   0x0800aade   0x00000002   PAD
    0x0800aae0   0x0800aae0   0x00000020   Code   RO         6878    i.xTaskGetSchedulerState  tasks.o
    0x0800ab00   0x0800ab00   0x0000000c   Code   RO         6879    i.xTaskGetTickCount  tasks.o
    0x0800ab0c   0x0800ab0c   0x00000148   Code   RO         6881    i.xTaskIncrementTick  tasks.o
    0x0800ac54   0x0800ac54   0x000000c8   Code   RO         6884    i.xTaskPriorityDisinherit  tasks.o
    0x0800ad1c   0x0800ad1c   0x00000098   Code   RO         6886    i.xTaskRemoveFromEventList  tasks.o
    0x0800adb4   0x0800adb4   0x00000104   Code   RO         6887    i.xTaskResumeAll    tasks.o
    0x0800aeb8   0x0800aeb8   0x00000078   Code   RO         7200    i.xTimerCreateTimerTask  timers.o
    0x0800af30   0x0800af30   0x00000084   Code   RO         7201    i.xTimerGenericCommand  timers.o
    0x0800afb4   0x0800afb4   0x00000038   Data   RO          307    .constdata          freertos.o
    0x0800afec   0x0800afec   0x00000018   Data   RO          803    .constdata          system_stm32f4xx.o
    0x0800b004   0x0800b004   0x00000020   Data   RO         1525    .constdata          chassis_task.o
    0x0800b024   0x0800b024   0x00000008   Data   RO         3234    .constdata          stm32f4xx_hal_dma.o
    0x0800b02c   0x0800b02c   0x00000804   Data   RO         8075    .constdata          arm_cortexM4lf_math.lib(arm_common_tables.o)
    0x0800b830   0x0800b830   0x00000011   Data   RO          308    .conststring        freertos.o
    0x0800b841   0x0800b841   0x00000003   PAD
    0x0800b844   0x0800b844   0x00000020   Data   RO         8242    Region$$Table       anon$$obj.o


    Execution Region RW_IRAM1 (Exec base: 0x20000000, Load base: 0x0800b864, Size: 0x00009620, Max: 0x00020000, ABSOLUTE, COMPRESSED[0x0000005c])

    Exec Addr    Load Addr    Size         Type   Attr      Idx    E Section Name        Object

    0x20000000   COMPRESSED   0x00000018   Data   RW          309    .data               freertos.o
    0x20000018   COMPRESSED   0x00000004   Data   RW          363    .data               can.o
    0x2000001c   COMPRESSED   0x00000004   Data   RW          804    .data               system_stm32f4xx.o
    0x20000020   COMPRESSED   0x00000008   Data   RW          978    .data               bsp_delay.o
    0x20000028   COMPRESSED   0x00000054   Data   RW         1241    .data               calibrate_task.o
    0x2000007c   COMPRESSED   0x00000011   Data   RW         1349    .data               can_receive.o
    0x2000008d   COMPRESSED   0x00000003   PAD
    0x20000090   COMPRESSED   0x00000011   Data   RW         1437    .data               chassis_behaviour.o
    0x200000a1   COMPRESSED   0x00000003   PAD
    0x200000a4   COMPRESSED   0x00000004   Data   RW         1526    .data               chassis_task.o
    0x200000a8   COMPRESSED   0x000000a0   Data   RW         1641    .data               ins_task.o
    0x20000148   COMPRESSED   0x00000002   Data   RW         1778    .data               remote_control.o
    0x2000014a   COMPRESSED   0x00000002   PAD
    0x2000014c   COMPRESSED   0x0000000a   Data   RW         1840    .data               test_task.o
    0x20000156   COMPRESSED   0x00000002   PAD
    0x20000158   COMPRESSED   0x00000009   Data   RW         3666    .data               stm32f4xx_hal.o
    0x20000161   COMPRESSED   0x00000003   PAD
    0x20000164   COMPRESSED   0x0000003c   Data   RW         6890    .data               tasks.o
    0x200001a0   COMPRESSED   0x00000014   Data   RW         7209    .data               timers.o
    0x200001b4   COMPRESSED   0x00000018   Data   RW         7734    .data               heap_4.o
    0x200001cc   COMPRESSED   0x0000000c   Data   RW         7785    .data               port.o
    0x200001d8        -       0x000006a8   Zero   RW          306    .bss                freertos.o
    0x20000880        -       0x00000050   Zero   RW          362    .bss                can.o
    0x200008d0        -       0x00000054   Zero   RW          434    .bss                i2c.o
    0x20000924        -       0x00000020   Zero   RW          476    .bss                rtc.o
    0x20000944        -       0x00000118   Zero   RW          518    .bss                spi.o
    0x20000a5c        -       0x00000180   Zero   RW          566    .bss                tim.o
    0x20000bdc        -       0x000000a0   Zero   RW          638    .bss                usart.o
    0x20000c7c        -       0x00000115   Zero   RW         1239    .bss                calibrate_task.o
    0x20000d91   COMPRESSED   0x00000003   PAD
    0x20000d94        -       0x00000078   Zero   RW         1348    .bss                can_receive.o
    0x20000e0c        -       0x00000224   Zero   RW         1524    .bss                chassis_task.o
    0x20001030        -       0x0000021c   Zero   RW         1587    .bss                detect_task.o
    0x2000124c        -       0x00000134   Zero   RW         1639    .bss                ins_task.o
    0x20001380        -       0x0000005e   Zero   RW         1777    .bss                remote_control.o
    0x200013de   COMPRESSED   0x00000002   PAD
    0x200013e0        -       0x00000040   Zero   RW         6518    .bss                queue.o
    0x20001420        -       0x000000f0   Zero   RW         6889    .bss                tasks.o
    0x20001510        -       0x00000110   Zero   RW         7208    .bss                timers.o
    0x20001620        -       0x00006000   Zero   RW         7733    .bss                heap_4.o
    0x20007620        -       0x00002000   Zero   RW            1    STACK               startup_stm32f407xx.o


==============================================================================

Image component sizes


      Code (inc. data)   RO Data    RW Data    ZI Data      Debug   Object Name

        36         12          0          0          0     600841   bsp_buzzer.o
        92          8          0          0          0        666   bsp_can.o
        48         16          0          8          0        817   bsp_delay.o
        20          0          0          0          0       1137   bsp_flash.o
        80         12          0          0          0       1125   bsp_fric.o
       260         28          0          0          0       2283   bsp_rc.o
     10044        146          0          0          0       5010   bsp_spi.o
       580         30          0         84        277      16984   calibrate_task.o
       488         44          0          4         80       2778   can.o
       324         34          0         17        120       5410   can_receive.o
       928         74          0         17          0      12386   chassis_behaviour.o
      2326        144         32          4        548       8824   chassis_task.o
       142          0          0          0          0      23407   cmsis_os.o
       324         12          0          0        540       2711   detect_task.o
       120          6          0          0          0        958   dma.o
         0          0          0          0          0      18864   event_groups.o
       116         32         73         24       1704       3457   freertos.o
       508         24          0          0          0       1403   gpio.o
       692         62          0         24      24576       5251   heap_4.o
       260         30          0          0         84       2001   i2c.o
      3032        168          0        160        308      12015   ins_task.o
       148          0          0          0          0       4042   list.o
       354         22          0          0          0     756676   main.o
       592          8          0          0          0       2146   pid.o
      1014         92          0         12          0      12977   port.o
      1914         20          0          0         64      18556   queue.o
       550         36          0          2         94       3623   remote_control.o
        76         16          0          0         32       1723   rtc.o
       416         38          0          0        280       2211   spi.o
        36          8        392          0       8192        892   startup_stm32f407xx.o
       172         32          0          9          0       9305   stm32f4xx_hal.o
      2134          6          0          0          0      15899   stm32f4xx_hal_can.o
       304         22          0          0          0      35011   stm32f4xx_hal_cortex.o
       458         10          8          0          0       3087   stm32f4xx_hal_dma.o
       552         50          0          0          0       3263   stm32f4xx_hal_gpio.o
       464         18          0          0          0       2227   stm32f4xx_hal_i2c.o
        84          6          0          0          0        994   stm32f4xx_hal_msp.o
      1800         84          0          0          0       6172   stm32f4xx_hal_rcc.o
       416         20          0          0          0       1568   stm32f4xx_hal_rcc_ex.o
       336          4          0          0          0       2932   stm32f4xx_hal_rtc.o
       140          0          0          0          0       1323   stm32f4xx_hal_spi.o
      1572         90          0          0          0      14239   stm32f4xx_hal_tim.o
       296         30          0          0          0       2400   stm32f4xx_hal_tim_ex.o
      1114          8          0          0          0       2140   stm32f4xx_hal_uart.o
       112         12          0          0          0       7177   stm32f4xx_it.o
       100         18         24          4          0       1395   system_stm32f4xx.o
      3214        386          0         60        240      32509   tasks.o
       264         28          0         10          0       2316   test_task.o
      2064        154          0          0        384       7539   tim.o
      1318        124          0         20        272      31839   timers.o
       284         32          0          0        160       2077   usart.o
       258          4          0          0          0       3579   user_lib.o

    ----------------------------------------------------------------------
     43022       2260        564        472      37960    1720165   Object Totals
         0          0         32          0          0          0   (incl. Generated)
        46          0          3         13          5          0   (incl. Padding)

    ----------------------------------------------------------------------

      Code (inc. data)   RO Data    RW Data    ZI Data      Debug   Library Member Name

         0          0       2052          0          0       4636   arm_common_tables.o
         0          0          0          0          0      16316   arm_cos_f32.o
       116         12          0          0          0        658   arm_sin_f32.o
        20          0          0          0          0        124   fabs.o
        86          0          0          0          0          0   __dczerorl2.o
         0          0          0          0          0          0   entry.o
         0          0          0          0          0          0   entry10a.o
         0          0          0          0          0          0   entry11a.o
         8          4          0          0          0          0   entry2.o
         4          0          0          0          0          0   entry5.o
         0          0          0          0          0          0   entry7b.o
         0          0          0          0          0          0   entry8b.o
         8          4          0          0          0          0   entry9a.o
        30          0          0          0          0          0   handlers.o
        36          8          0          0          0         68   init.o
         0          0          0          0          0          0   iusefp.o
        30          0          0          0          0         68   llshl.o
        36          0          0          0          0         68   llsshr.o
        32          0          0          0          0         68   llushr.o
        36          0          0          0          0         68   memcpya.o
        36          0          0          0          0        108   memseta.o
        98          0          0          0          0         92   uldiv.o
        56          0          0          0          0         88   d2f.o
       334          0          0          0          0        148   dadd.o
       186          0          0          0          0        176   depilogue.o
        34          0          0          0          0         76   dflti.o
       228          0          0          0          0         96   dmul.o
        38          0          0          0          0         68   f2d.o
       110          0          0          0          0        168   fepilogue.o

    ----------------------------------------------------------------------
      1566         28       2052          0          0      23094   Library Totals
         4          0          0          0          0          0   (incl. Padding)

    ----------------------------------------------------------------------

      Code (inc. data)   RO Data    RW Data    ZI Data      Debug   Library Name

       116         12       2052          0          0      21610   arm_cortexM4lf_math.lib
        20          0          0          0          0        124   m_wm.l
       440         16          0          0          0        540   mc_w.l
       986          0          0          0          0        820   mf_w.l

    ----------------------------------------------------------------------
      1566         28       2052          0          0      23094   Library Totals

    ----------------------------------------------------------------------

==============================================================================


      Code (inc. data)   RO Data    RW Data    ZI Data      Debug   

     44588       2288       2616        472      37960    1719771   Grand Totals
     44588       2288       2616         92      37960    1719771   ELF Image Totals (compressed)
     44588       2288       2616         92          0          0   ROM Totals

==============================================================================

    Total RO  Size (Code + RO Data)                47204 (  46.10kB)
    Total RW  Size (RW Data + ZI Data)             38432 (  37.53kB)
    Total ROM Size (Code + RO Data + RW Data)      47296 (  46.19kB)

==============================================================================

